2022-08-19 16:02:51,425 - network-test - INFO - riscv64.yaml
2022-08-19 16:02:51,425 - network-test - INFO - # test x86 on x86
---
steps:

  - name: download image
    command:
      test -f kinetic-server-cloudimg-riscv64.img ||
      wget
      http://cloud-images.ubuntu.com/kinetic/current/kinetic-server-cloudimg-riscv64.img

  - name: extract image
    command:
      test -f kinetic-server-cloudimg-riscv64.raw ||
      qemu-img convert -f qcow2 -O raw kinetic-server-cloudimg-riscv64.img
      kinetic-server-cloudimg-riscv64.raw

  - name: create ssh certificate
    command:
      test -f id_rsa ||
      ssh-keygen -t rsa -b 4096 -N '' -f id_rsa

  - name: create cloud init data
    command: >
      rm -rf cidata/ &&
      mkdir cidata/ &&
      echo 'instance-id:' $(uuidgen) > cidata/meta-data &&
      echo 'Package: "openvswitch*\nPin:
      release o=LP-PPA-ubuntu-risc-v-team-develop\nPin-Priority: 900"
      > cidata/ppa_pin' &&
      cp id_rsa* cidata/ &&
      src/userdata.py -o cidata/user-data -n virtriscv64
      -p 'git snapd' &&
      mkisofs -J -V cidata -o cidata-riscv64.iso cidata/

  - name: create image
    command:
      rm -f riscv64.img && (
      cp kinetic-server-cloudimg-riscv64.raw riscv64.img &&
      qemu-img resize -f raw riscv64.img 8G
      )

  - name: launch VM
    launch:
      qemu-system-riscv64
      -M virt -accel tcg -m 2G -smp 2
      -nographic
      -bios /usr/lib/riscv64-linux-gnu/opensbi/generic/fw_jump.bin
      -kernel /usr/lib/u-boot/qemu-riscv64_smode/u-boot.bin
      -drive file=riscv64.img,format=raw,if=virtio
      -drive file=cidata-riscv64.iso,format=raw,if=virtio
      -device virtio-net-pci,netdev=eth0,mq=on,romfile=
      -netdev
      user,id=eth0,hostfwd=tcp::8111-:22
    expected:
      - 'Cloud-init.*finished'

  - name: wait
    command:
      sleep 6

  - name: install snapcraft
    command:
      ssh -i id_rsa -o StrictHostKeyChecking=no -o UserKnownHostsFile=/dev/null
      -p 8111 user@localhost
      'sudo snap install snapcraft --classic --channel=7.x/beta &&
      snap info snapcraft'

  - name: change channel for snapcraft
    command:
      ssh -i id_rsa -o StrictHostKeyChecking=no -o UserKnownHostsFile=/dev/null
      -p 8111 user@localhost
      'sudo snap install snapcraft --classic --channel=7.x/beta &&
      snap info snapcraft'

  - name: initialize lxd
    command:
      ssh -i id_rsa -o StrictHostKeyChecking=no -o UserKnownHostsFile=/dev/null
      -p 8111 user@localhost
      sudo lxd init --auto

  - name: clone hello world example
    command: >
      ssh -i id_rsa -o StrictHostKeyChecking=no -o UserKnownHostsFile=/dev/null
      -p 8111 user@localhost
      "cd /home/user &&
      git clone https://github.com/ubuntu-core/hello-snapcraftio.git &&
      cd /home/user/hello-snapcraftio &&
      sed -i 's/^base: core20/base: core22/' snap/snapcraft.yaml &&
      git diff"

  - name: build snap
    command:
      ssh -i id_rsa -o StrictHostKeyChecking=no -o UserKnownHostsFile=/dev/null
      -p 8111 user@localhost
      'cd /home/user/hello-snapcraftio &&
      snapcraft --use-lxd'
    expected:
      - Snapped hello.*snap

  - name: install snap
    command:
      ssh -i id_rsa -o StrictHostKeyChecking=no -o UserKnownHostsFile=/dev/null
      -p 8111 user@localhost
      'cd /home/user/hello-snapcraftio &&
      sudo snap install hello.*snap --dangerous'
    expected:
      - hello.*installed

  - name: run snap
    command:
      ssh -i id_rsa -o StrictHostKeyChecking=no -o UserKnownHostsFile=/dev/null
      -p 8111 user@localhost
      /snap/bin/hello
    expected:
      - Hello

  - name: stop VM
    stop: launch VM

2022-08-19 16:02:51,429 - network-test - INFO - executing 'download image'
2022-08-19 16:02:51,429 - network-test - INFO - 'test -f kinetic-server-cloudimg-riscv64.img || wget http://cloud-images.ubuntu.com/kinetic/current/kinetic-server-cloudimg-riscv64.img'
2022-08-19 16:02:51,429 - network-test - INFO - stdout: ''
2022-08-19 16:02:51,429 - network-test - INFO - stderr: ''
2022-08-19 16:02:51,429 - network-test - INFO - executing 'extract image'
2022-08-19 16:02:51,429 - network-test - INFO - 'test -f kinetic-server-cloudimg-riscv64.raw || qemu-img convert -f qcow2 -O raw kinetic-server-cloudimg-riscv64.img kinetic-server-cloudimg-riscv64.raw'
2022-08-19 16:02:51,430 - network-test - INFO - stdout: ''
2022-08-19 16:02:51,430 - network-test - INFO - stderr: ''
2022-08-19 16:02:51,430 - network-test - INFO - executing 'create ssh certificate'
2022-08-19 16:02:51,430 - network-test - INFO - "test -f id_rsa || ssh-keygen -t rsa -b 4096 -N '' -f id_rsa"
2022-08-19 16:02:51,430 - network-test - INFO - stdout: ''
2022-08-19 16:02:51,430 - network-test - INFO - stderr: ''
2022-08-19 16:02:51,430 - network-test - INFO - executing 'create cloud init data'
2022-08-19 16:02:51,430 - network-test - INFO - 'rm -rf cidata/ && mkdir cidata/ && echo \'instance-id:\' $(uuidgen) > cidata/meta-data && echo \'Package: "openvswitch*\\nPin: release o=LP-PPA-ubuntu-risc-v-team-develop\\nPin-Priority: 900" > cidata/ppa_pin\' && cp id_rsa* cidata/ && src/userdata.py -o cidata/user-data -n virtriscv64 -p \'git snapd\' && mkisofs -J -V cidata -o cidata-riscv64.iso cidata/\n'
2022-08-19 16:02:51,460 - network-test - INFO - stdout: 'Package: "openvswitch*\nPin: release o=LP-PPA-ubuntu-risc-v-team-develop\nPin-Priority: 900" > cidata/ppa_pin\n'
2022-08-19 16:02:51,460 - network-test - INFO - stderr: 'Warning: creating filesystem with Joliet extensions but without Rock Ridge\n         extensions. It is highly recommended to add Rock Ridge.\nI: -input-charset not specified, using utf-8 (detected in locale settings)\nTotal translation table size: 0\nTotal rockridge attributes bytes: 0\nTotal directory bytes: 244\nPath table size(bytes): 10\nMax brk space used 0\n185 extents written (0 MB)\n'
2022-08-19 16:02:51,460 - network-test - INFO - executing 'create image'
2022-08-19 16:02:51,460 - network-test - INFO - 'rm -f riscv64.img && ( cp kinetic-server-cloudimg-riscv64.raw riscv64.img && qemu-img resize -f raw riscv64.img 8G )'
2022-08-19 16:02:53,167 - network-test - INFO - stdout: 'Image resized.\n'
2022-08-19 16:02:53,167 - network-test - INFO - stderr: ''
2022-08-19 16:02:53,167 - network-test - INFO - executing 'launch VM'
2022-08-19 16:02:53,167 - network-test - INFO - launching 'launch VM'
2022-08-19 16:02:53,167 - network-test - INFO - qemu-system-riscv64 -M virt -accel tcg -m 2G -smp 2 -nographic -bios /usr/lib/riscv64-linux-gnu/opensbi/generic/fw_jump.bin -kernel /usr/lib/u-boot/qemu-riscv64_smode/u-boot.bin -drive file=riscv64.img,format=raw,if=virtio -drive file=cidata-riscv64.iso,format=raw,if=virtio -device virtio-net-pci,netdev=eth0,mq=on,romfile= -netdev user,id=eth0,hostfwd=tcp::8111-:22
2022-08-19 16:02:53,190 - network-test - INFO - stdout: '\r\n'
2022-08-19 16:02:53,190 - network-test - INFO - stdout: 'OpenSBI v1.1\r\n'
2022-08-19 16:02:53,190 - network-test - INFO - stdout: '   ____                    _____ ____ _____\r\n'
2022-08-19 16:02:53,190 - network-test - INFO - stdout: '  / __ \\                  / ____|  _ \\_   _|\r\n'
2022-08-19 16:02:53,190 - network-test - INFO - stdout: ' | |  | |_ __   ___ _ __ | (___ | |_) || |\r\n'
2022-08-19 16:02:53,190 - network-test - INFO - stdout: " | |  | | '_ \\ / _ \\ '_ \\ \\___ \\|  _ < | |\r\n"
2022-08-19 16:02:53,190 - network-test - INFO - stdout: ' | |__| | |_) |  __/ | | |____) | |_) || |_\r\n'
2022-08-19 16:02:53,190 - network-test - INFO - stdout: '  \\____/| .__/ \\___|_| |_|_____/|____/_____|\r\n'
2022-08-19 16:02:53,191 - network-test - INFO - stdout: '        | |\r\n'
2022-08-19 16:02:53,191 - network-test - INFO - stdout: '        |_|\r\n'
2022-08-19 16:02:53,191 - network-test - INFO - stdout: '\r\n'
2022-08-19 16:02:53,199 - network-test - INFO - stdout: 'Platform Name             : riscv-virtio,qemu\r\n'
2022-08-19 16:02:53,199 - network-test - INFO - stdout: 'Platform Features         : medeleg\r\n'
2022-08-19 16:02:53,199 - network-test - INFO - stdout: 'Platform HART Count       : 2\r\n'
2022-08-19 16:02:53,199 - network-test - INFO - stdout: 'Platform IPI Device       : aclint-mswi\r\n'
2022-08-19 16:02:53,199 - network-test - INFO - stdout: 'Platform Timer Device     : aclint-mtimer @ 10000000Hz\r\n'
2022-08-19 16:02:53,199 - network-test - INFO - stdout: 'Platform Console Device   : uart8250\r\n'
2022-08-19 16:02:53,199 - network-test - INFO - stdout: 'Platform HSM Device       : ---\r\n'
2022-08-19 16:02:53,199 - network-test - INFO - stdout: 'Platform Reboot Device    : sifive_test\r\n'
2022-08-19 16:02:53,200 - network-test - INFO - stdout: 'Platform Shutdown Device  : sifive_test\r\n'
2022-08-19 16:02:53,200 - network-test - INFO - stdout: 'Firmware Base             : 0x80000000\r\n'
2022-08-19 16:02:53,200 - network-test - INFO - stdout: 'Firmware Size             : 296 KB\r\n'
2022-08-19 16:02:53,200 - network-test - INFO - stdout: 'Runtime SBI Version       : 1.0\r\n'
2022-08-19 16:02:53,200 - network-test - INFO - stdout: '\r\n'
2022-08-19 16:02:53,200 - network-test - INFO - stdout: 'Domain0 Name              : root\r\n'
2022-08-19 16:02:53,200 - network-test - INFO - stdout: 'Domain0 Boot HART         : 0\r\n'
2022-08-19 16:02:53,200 - network-test - INFO - stdout: 'Domain0 HARTs             : 0*,1*\r\n'
2022-08-19 16:02:53,200 - network-test - INFO - stdout: 'Domain0 Region00          : 0x0000000002000000-0x000000000200ffff (I)\r\n'
2022-08-19 16:02:53,200 - network-test - INFO - stdout: 'Domain0 Region01          : 0x0000000080000000-0x000000008007ffff ()\r\n'
2022-08-19 16:02:53,200 - network-test - INFO - stdout: 'Domain0 Region02          : 0x0000000000000000-0xffffffffffffffff (R,W,X)\r\n'
2022-08-19 16:02:53,201 - network-test - INFO - stdout: 'Domain0 Next Address      : 0x0000000080200000\r\n'
2022-08-19 16:02:53,201 - network-test - INFO - stdout: 'Domain0 Next Arg1         : 0x0000000082200000\r\n'
2022-08-19 16:02:53,201 - network-test - INFO - stdout: 'Domain0 Next Mode         : S-mode\r\n'
2022-08-19 16:02:53,201 - network-test - INFO - stdout: 'Domain0 SysReset          : yes\r\n'
2022-08-19 16:02:53,201 - network-test - INFO - stdout: '\r\n'
2022-08-19 16:02:53,201 - network-test - INFO - stdout: 'Boot HART ID              : 0\r\n'
2022-08-19 16:02:53,201 - network-test - INFO - stdout: 'Boot HART Domain          : root\r\n'
2022-08-19 16:02:53,201 - network-test - INFO - stdout: 'Boot HART Priv Version    : v1.12\r\n'
2022-08-19 16:02:53,201 - network-test - INFO - stdout: 'Boot HART Base ISA        : rv64imafdch\r\n'
2022-08-19 16:02:53,201 - network-test - INFO - stdout: 'Boot HART ISA Extensions  : time\r\n'
2022-08-19 16:02:53,201 - network-test - INFO - stdout: 'Boot HART PMP Count       : 16\r\n'
2022-08-19 16:02:53,201 - network-test - INFO - stdout: 'Boot HART PMP Granularity : 4\r\n'
2022-08-19 16:02:53,201 - network-test - INFO - stdout: 'Boot HART PMP Address Bits: 54\r\n'
2022-08-19 16:02:53,201 - network-test - INFO - stdout: 'Boot HART MHPM Count      : 16\r\n'
2022-08-19 16:02:53,202 - network-test - INFO - stdout: 'Boot HART MIDELEG         : 0x0000000000001666\r\n'
2022-08-19 16:02:53,202 - network-test - INFO - stdout: 'Boot HART MEDELEG         : 0x0000000000f0b509\r\n'
2022-08-19 16:02:53,207 - network-test - INFO - stdout: '\r\n'
2022-08-19 16:02:53,207 - network-test - INFO - stdout: '\r\n'
2022-08-19 16:02:53,207 - network-test - INFO - stdout: 'U-Boot 2022.01+dfsg-2ubuntu3 (May 15 2022 - 06:13:41 +0000)\r\n'
2022-08-19 16:02:53,207 - network-test - INFO - stdout: '\r\n'
2022-08-19 16:02:53,207 - network-test - INFO - stdout: 'CPU:   rv64imafdch_zicsr_zifencei_zba_zbb_zbc_zbs\r\n'
2022-08-19 16:02:53,207 - network-test - INFO - stdout: 'Model: riscv-virtio,qemu\r\n'
2022-08-19 16:02:53,208 - network-test - INFO - stdout: 'DRAM:  2 GiB\r\n'
2022-08-19 16:02:53,253 - network-test - INFO - stdout: 'Flash: 32 MiB\r\n'
2022-08-19 16:02:53,257 - network-test - INFO - stdout: 'Loading Environment from nowhere... OK\r\n'
2022-08-19 16:02:53,262 - network-test - INFO - stdout: 'In:    uart@10000000\r\n'
2022-08-19 16:02:53,262 - network-test - INFO - stdout: 'Out:   uart@10000000\r\n'
2022-08-19 16:02:53,262 - network-test - INFO - stdout: 'Err:   uart@10000000\r\n'
2022-08-19 16:02:53,262 - network-test - INFO - stdout: 'Net:   No ethernet found.\r\n'
2022-08-19 16:02:55,265 - network-test - INFO - stdout: 'Hit any key to stop autoboot:  2 \x08\x08\x08 1 \x08\x08\x08 0 \r\n'
2022-08-19 16:02:55,266 - network-test - INFO - stdout: '\r\n'
2022-08-19 16:02:55,268 - network-test - INFO - stdout: 'Device 0: 1af4 VirtIO Block Device\r\n'
2022-08-19 16:02:55,268 - network-test - INFO - stdout: '            Type: Hard Disk\r\n'
2022-08-19 16:02:55,268 - network-test - INFO - stdout: '            Capacity: 8192.0 MB = 8.0 GB (16777216 x 512)\r\n'
2022-08-19 16:02:55,268 - network-test - INFO - stdout: '... is now current device\r\n'
2022-08-19 16:02:55,276 - network-test - INFO - stdout: 'Scanning virtio 0:1...\r\n'
2022-08-19 16:02:55,278 - network-test - INFO - stdout: 'Found /boot/extlinux/extlinux.conf\r\n'
2022-08-19 16:02:55,278 - network-test - INFO - stdout: 'Retrieving file: /boot/extlinux/extlinux.conf\r\n'
2022-08-19 16:02:55,279 - network-test - INFO - stdout: 'U-Boot menu\r\n'
2022-08-19 16:02:55,279 - network-test - INFO - stdout: '1:\tUbuntu Kinetic Kudu (development branch) 5.15.0-1008-generic\r\n'
2022-08-19 16:02:55,279 - network-test - INFO - stdout: '2:\tUbuntu Kinetic Kudu (development branch) 5.15.0-1008-generic (rescue target)\r\n'
2022-08-19 16:03:00,280 - network-test - INFO - stdout: 'Enter choice: 1:\tUbuntu Kinetic Kudu (development branch) 5.15.0-1008-generic\r\n'
2022-08-19 16:03:00,280 - network-test - INFO - stdout: 'Retrieving file: /boot/initrd.img-5.15.0-1008-generic\r\n'
2022-08-19 16:03:00,285 - network-test - INFO - stdout: 'Retrieving file: /boot/vmlinuz-5.15.0-1008-generic\r\n'
2022-08-19 16:03:00,292 - network-test - INFO - stdout: 'append: root=LABEL=cloudimg-rootfs ro earlycon\r\n'
2022-08-19 16:03:00,292 - network-test - INFO - stdout: 'Retrieving file: /lib/firmware/5.15.0-1008-generic/device-tree/qemu-riscv.dtb\r\n'
2022-08-19 16:03:00,293 - network-test - INFO - stdout: '** File not found /lib/firmware/5.15.0-1008-generic/device-tree/qemu-riscv.dtb **\r\n'
2022-08-19 16:03:00,294 - network-test - INFO - stdout: 'Moving Image from 0x84000000 to 0x80200000, end=81f2b000\r\n'
2022-08-19 16:03:00,318 - network-test - INFO - stdout: '## Flattened Device Tree blob at ff738900\r\n'
2022-08-19 16:03:00,318 - network-test - INFO - stdout: '   Booting using the fdt blob at 0xff738900\r\n'
2022-08-19 16:03:00,319 - network-test - INFO - stdout: '   Using Device Tree in place at 00000000ff738900, end 00000000ff73ce04\r\n'
2022-08-19 16:03:00,321 - network-test - INFO - stdout: '\r\n'
2022-08-19 16:03:00,321 - network-test - INFO - stdout: 'Starting kernel ...\r\n'
2022-08-19 16:03:00,321 - network-test - INFO - stdout: '\r\n'
2022-08-19 16:03:00,334 - network-test - INFO - stdout: '[    0.000000] Linux version 5.15.0-1008-generic (buildd@riscv64-qemu-lcy01-014) (gcc (Ubuntu 11.2.0-19ubuntu1) 11.2.0, GNU ld (GNU Binutils for Ubuntu) 2.38) #8-Ubuntu SMP Wed Apr 20 07:00:28 UTC 2022 (Ubuntu 5.15.0-1008.8-generic 5.15.30)\r\n'
2022-08-19 16:03:00,334 - network-test - INFO - stdout: '[    0.000000] OF: fdt: Ignoring memory range 0x80000000 - 0x80200000\r\n'
2022-08-19 16:03:00,334 - network-test - INFO - stdout: '[    0.000000] Machine model: riscv-virtio,qemu\r\n'
2022-08-19 16:03:00,334 - network-test - INFO - stdout: "[    0.000000] earlycon: ns16550a0 at MMIO 0x0000000010000000 (options '')\r\n"
2022-08-19 16:03:00,334 - network-test - INFO - stdout: '[    0.000000] printk: bootconsole [ns16550a0] enabled\r\n'
2022-08-19 16:03:00,335 - network-test - INFO - stdout: '[    0.000000] efi: UEFI not found.\r\n'
2022-08-19 16:03:00,336 - network-test - INFO - stdout: '[    0.000000] cma: Reserved 32 MiB at 0x00000000fd400000\r\n'
2022-08-19 16:03:00,345 - network-test - INFO - stdout: '[    0.000000] NUMA: No NUMA configuration found\r\n'
2022-08-19 16:03:00,345 - network-test - INFO - stdout: '[    0.000000] NUMA: Faking a node at [mem 0x0000000080200000-0x00000000ffffffff]\r\n'
2022-08-19 16:03:00,346 - network-test - INFO - stdout: '[    0.000000] NUMA: NODE_DATA [mem 0xffff4800-0xffff5fff]\r\n'
2022-08-19 16:03:00,354 - network-test - INFO - stdout: '[    0.000000] Zone ranges:\r\n'
2022-08-19 16:03:00,355 - network-test - INFO - stdout: '[    0.000000]   DMA32    [mem 0x0000000080200000-0x00000000ffffffff]\r\n'
2022-08-19 16:03:00,355 - network-test - INFO - stdout: '[    0.000000]   Normal   empty\r\n'
2022-08-19 16:03:00,355 - network-test - INFO - stdout: '[    0.000000] Movable zone start for each node\r\n'
2022-08-19 16:03:00,355 - network-test - INFO - stdout: '[    0.000000] Early memory node ranges\r\n'
2022-08-19 16:03:00,355 - network-test - INFO - stdout: '[    0.000000]   node   0: [mem 0x0000000080200000-0x00000000ffffffff]\r\n'
2022-08-19 16:03:00,356 - network-test - INFO - stdout: '[    0.000000] Initmem setup node 0 [mem 0x0000000080200000-0x00000000ffffffff]\r\n'
2022-08-19 16:03:00,368 - network-test - INFO - stdout: '[    0.000000] On node 0, zone DMA32: 512 pages in unavailable ranges\r\n'
2022-08-19 16:03:00,368 - network-test - INFO - stdout: '[    0.000000] SBI specification v1.0 detected\r\n'
2022-08-19 16:03:00,369 - network-test - INFO - stdout: '[    0.000000] SBI implementation ID=0x1 Version=0x10001\r\n'
2022-08-19 16:03:00,369 - network-test - INFO - stdout: '[    0.000000] SBI TIME extension detected\r\n'
2022-08-19 16:03:00,369 - network-test - INFO - stdout: '[    0.000000] SBI IPI extension detected\r\n'
2022-08-19 16:03:00,369 - network-test - INFO - stdout: '[    0.000000] SBI RFENCE extension detected\r\n'
2022-08-19 16:03:00,370 - network-test - INFO - stdout: '[    0.000000] SBI SRST extension detected\r\n'
2022-08-19 16:03:00,370 - network-test - INFO - stdout: '[    0.000000] SBI v0.2 HSM extension detected\r\n'
2022-08-19 16:03:00,371 - network-test - INFO - stdout: '[    0.000000] riscv: ISA extensions abcdefhimnrs\r\n'
2022-08-19 16:03:00,371 - network-test - INFO - stdout: '[    0.000000] riscv: ELF capabilities acdfim\r\n'
2022-08-19 16:03:00,374 - network-test - INFO - stdout: '[    0.000000] percpu: Embedded 26 pages/cpu s67800 r8192 d30504 u106496\r\n'
2022-08-19 16:03:00,377 - network-test - INFO - stdout: '[    0.000000] Built 1 zonelists, mobility grouping on.  Total pages: 515592\r\n'
2022-08-19 16:03:00,377 - network-test - INFO - stdout: '[    0.000000] Policy zone: DMA32\r\n'
2022-08-19 16:03:00,378 - network-test - INFO - stdout: '[    0.000000] Kernel command line: root=LABEL=cloudimg-rootfs ro earlycon\r\n'
2022-08-19 16:03:00,393 - network-test - INFO - stdout: '[    0.000000] Dentry cache hash table entries: 262144 (order: 9, 2097152 bytes, linear)\r\n'
2022-08-19 16:03:00,394 - network-test - INFO - stdout: '[    0.000000] Inode-cache hash table entries: 131072 (order: 8, 1048576 bytes, linear)\r\n'
2022-08-19 16:03:00,395 - network-test - INFO - stdout: '[    0.000000] mem auto-init: stack:off, heap alloc:on, heap free:off\r\n'
2022-08-19 16:03:00,404 - network-test - INFO - stdout: '[    0.000000] Memory: 1946340K/2095104K available (10002K kernel code, 5814K rwdata, 10240K rodata, 2535K init, 1033K bss, 115996K reserved, 32768K cma-reserved)\r\n'
2022-08-19 16:03:00,410 - network-test - INFO - stdout: '[    0.000000] random: get_random_u64 called from kmem_cache_open+0x40/0x3b0 with crng_init=0\r\n'
2022-08-19 16:03:00,410 - network-test - INFO - stdout: '[    0.000000] SLUB: HWalign=64, Order=0-3, MinObjects=0, CPUs=2, Nodes=1\r\n'
2022-08-19 16:03:00,411 - network-test - INFO - stdout: '[    0.000000] ftrace: allocating 39090 entries in 153 pages\r\n'
2022-08-19 16:03:01,066 - network-test - INFO - stdout: '[    0.000000] ftrace: allocated 153 pages with 4 groups\r\n'
2022-08-19 16:03:01,068 - network-test - INFO - stdout: '[    0.000000] trace event string verifier disabled\r\n'
2022-08-19 16:03:01,072 - network-test - INFO - stdout: '[    0.000000] rcu: Hierarchical RCU implementation.\r\n'
2022-08-19 16:03:01,073 - network-test - INFO - stdout: '[    0.000000] rcu: \tRCU restricting CPUs from NR_CPUS=8 to nr_cpu_ids=2.\r\n'
2022-08-19 16:03:01,073 - network-test - INFO - stdout: '[    0.000000] \tRude variant of Tasks RCU enabled.\r\n'
2022-08-19 16:03:01,073 - network-test - INFO - stdout: '[    0.000000] \tTracing variant of Tasks RCU enabled.\r\n'
2022-08-19 16:03:01,074 - network-test - INFO - stdout: '[    0.000000] rcu: RCU calculated value of scheduler-enlistment delay is 25 jiffies.\r\n'
2022-08-19 16:03:01,074 - network-test - INFO - stdout: '[    0.000000] rcu: Adjusting geometry for rcu_fanout_leaf=16, nr_cpu_ids=2\r\n'
2022-08-19 16:03:01,088 - network-test - INFO - stdout: '[    0.000000] NR_IRQS: 64, nr_irqs: 64, preallocated irqs: 0\r\n'
2022-08-19 16:03:01,090 - network-test - INFO - stdout: '[    0.000000] riscv-intc: 64 local interrupts mapped\r\n'
2022-08-19 16:03:01,094 - network-test - INFO - stdout: '[    0.000000] plic: plic@c000000: mapped 96 interrupts with 2 handlers for 4 contexts.\r\n'
2022-08-19 16:03:01,099 - network-test - INFO - stdout: '[    0.000000] kfence: initialized - using 2097152 bytes for 255 objects at 0x(____ptrval____)-0x(____ptrval____)\r\n'
2022-08-19 16:03:01,101 - network-test - INFO - stdout: '[    0.000000] riscv_timer_init_dt: Registering clocksource cpuid [0] hartid [0]\r\n'
2022-08-19 16:03:01,101 - network-test - INFO - stdout: '[    0.000000] clocksource: riscv_clocksource: mask: 0xffffffffffffffff max_cycles: 0x24e6a1710, max_idle_ns: 440795202120 ns\r\n'
2022-08-19 16:03:01,102 - network-test - INFO - stdout: '[    0.000078] sched_clock: 64 bits at 10MHz, resolution 100ns, wraps every 4398046511100ns\r\n'
2022-08-19 16:03:01,105 - network-test - INFO - stdout: '[    0.003460] Console: colour dummy device 80x25\r\n'
2022-08-19 16:03:01,106 - network-test - INFO - stdout: '[    0.003844] printk: console [tty0] enabled\r\n'
2022-08-19 16:03:01,106 - network-test - INFO - stdout: '[    0.004387] printk: bootconsole [ns16550a0] disabled\r\n'
2022-08-19 16:03:01,416 - network-test - INFO - stdout: '[    0.000000] Linux version 5.15.0-1008-generic (buildd@riscv64-qemu-lcy01-014) (gcc (Ubuntu 11.2.0-19ubuntu1) 11.2.0, GNU ld (GNU Binutils for Ubuntu) 2.38) #8-Ubuntu SMP Wed Apr 20 07:00:28 UTC 2022 (Ubuntu 5.15.0-1008.8-generic 5.15.30)\r\n'
2022-08-19 16:03:01,416 - network-test - INFO - stdout: '[    0.000000] OF: fdt: Ignoring memory range 0x80000000 - 0x80200000\r\n'
2022-08-19 16:03:01,416 - network-test - INFO - stdout: '[    0.000000] Machine model: riscv-virtio,qemu\r\n'
2022-08-19 16:03:01,416 - network-test - INFO - stdout: "[    0.000000] earlycon: ns16550a0 at MMIO 0x0000000010000000 (options '')\r\n"
2022-08-19 16:03:01,417 - network-test - INFO - stdout: '[    0.000000] printk: bootconsole [ns16550a0] enabled\r\n'
2022-08-19 16:03:01,417 - network-test - INFO - stdout: '[    0.000000] efi: UEFI not found.\r\n'
2022-08-19 16:03:01,417 - network-test - INFO - stdout: '[    0.000000] cma: Reserved 32 MiB at 0x00000000fd400000\r\n'
2022-08-19 16:03:01,417 - network-test - INFO - stdout: '[    0.000000] NUMA: No NUMA configuration found\r\n'
2022-08-19 16:03:01,417 - network-test - INFO - stdout: '[    0.000000] NUMA: Faking a node at [mem 0x0000000080200000-0x00000000ffffffff]\r\n'
2022-08-19 16:03:01,417 - network-test - INFO - stdout: '[    0.000000] NUMA: NODE_DATA [mem 0xffff4800-0xffff5fff]\r\n'
2022-08-19 16:03:01,417 - network-test - INFO - stdout: '[    0.000000] Zone ranges:\r\n'
2022-08-19 16:03:01,418 - network-test - INFO - stdout: '[    0.000000]   DMA32    [mem 0x0000000080200000-0x00000000ffffffff]\r\n'
2022-08-19 16:03:01,418 - network-test - INFO - stdout: '[    0.000000]   Normal   empty\r\n'
2022-08-19 16:03:01,418 - network-test - INFO - stdout: '[    0.000000] Movable zone start for each node\r\n'
2022-08-19 16:03:01,418 - network-test - INFO - stdout: '[    0.000000] Early memory node ranges\r\n'
2022-08-19 16:03:01,418 - network-test - INFO - stdout: '[    0.000000]   node   0: [mem 0x0000000080200000-0x00000000ffffffff]\r\n'
2022-08-19 16:03:01,418 - network-test - INFO - stdout: '[    0.000000] Initmem setup node 0 [mem 0x0000000080200000-0x00000000ffffffff]\r\n'
2022-08-19 16:03:01,419 - network-test - INFO - stdout: '[    0.000000] On node 0, zone DMA32: 512 pages in unavailable ranges\r\n'
2022-08-19 16:03:01,419 - network-test - INFO - stdout: '[    0.000000] SBI specification v1.0 detected\r\n'
2022-08-19 16:03:01,419 - network-test - INFO - stdout: '[    0.000000] SBI implementation ID=0x1 Version=0x10001\r\n'
2022-08-19 16:03:01,419 - network-test - INFO - stdout: '[    0.000000] SBI TIME extension detected\r\n'
2022-08-19 16:03:01,419 - network-test - INFO - stdout: '[    0.000000] SBI IPI extension detected\r\n'
2022-08-19 16:03:01,419 - network-test - INFO - stdout: '[    0.000000] SBI RFENCE extension detected\r\n'
2022-08-19 16:03:01,419 - network-test - INFO - stdout: '[    0.000000] SBI SRST extension detected\r\n'
2022-08-19 16:03:01,420 - network-test - INFO - stdout: '[    0.000000] SBI v0.2 HSM extension detected\r\n'
2022-08-19 16:03:01,420 - network-test - INFO - stdout: '[    0.000000] riscv: ISA extensions abcdefhimnrs\r\n'
2022-08-19 16:03:01,420 - network-test - INFO - stdout: '[    0.000000] riscv: ELF capabilities acdfim\r\n'
2022-08-19 16:03:01,420 - network-test - INFO - stdout: '[    0.000000] percpu: Embedded 26 pages/cpu s67800 r8192 d30504 u106496\r\n'
2022-08-19 16:03:01,420 - network-test - INFO - stdout: '[    0.000000] Built 1 zonelists, mobility grouping on.  Total pages: 515592\r\n'
2022-08-19 16:03:01,420 - network-test - INFO - stdout: '[    0.000000] Policy zone: DMA32\r\n'
2022-08-19 16:03:01,421 - network-test - INFO - stdout: '[    0.000000] Kernel command line: root=LABEL=cloudimg-rootfs ro earlycon\r\n'
2022-08-19 16:03:01,421 - network-test - INFO - stdout: '[    0.000000] Dentry cache hash table entries: 262144 (order: 9, 2097152 bytes, linear)\r\n'
2022-08-19 16:03:01,421 - network-test - INFO - stdout: '[    0.000000] Inode-cache hash table entries: 131072 (order: 8, 1048576 bytes, linear)\r\n'
2022-08-19 16:03:01,421 - network-test - INFO - stdout: '[    0.000000] mem auto-init: stack:off, heap alloc:on, heap free:off\r\n'
2022-08-19 16:03:01,421 - network-test - INFO - stdout: '[    0.000000] Memory: 1946340K/2095104K available (10002K kernel code, 5814K rwdata, 10240K rodata, 2535K init, 1033K bss, 115996K reserved, 32768K cma-reserved)\r\n'
2022-08-19 16:03:01,422 - network-test - INFO - stdout: '[    0.000000] random: get_random_u64 called from kmem_cache_open+0x40/0x3b0 with crng_init=0\r\n'
2022-08-19 16:03:01,422 - network-test - INFO - stdout: '[    0.000000] SLUB: HWalign=64, Order=0-3, MinObjects=0, CPUs=2, Nodes=1\r\n'
2022-08-19 16:03:01,422 - network-test - INFO - stdout: '[    0.000000] ftrace: allocating 39090 entries in 153 pages\r\n'
2022-08-19 16:03:01,422 - network-test - INFO - stdout: '[    0.000000] ftrace: allocated 153 pages with 4 groups\r\n'
2022-08-19 16:03:01,422 - network-test - INFO - stdout: '[    0.000000] trace event string verifier disabled\r\n'
2022-08-19 16:03:01,423 - network-test - INFO - stdout: '[    0.000000] rcu: Hierarchical RCU implementation.\r\n'
2022-08-19 16:03:01,423 - network-test - INFO - stdout: '[    0.000000] rcu: \tRCU restricting CPUs from NR_CPUS=8 to nr_cpu_ids=2.\r\n'
2022-08-19 16:03:01,423 - network-test - INFO - stdout: '[    0.000000] \tRude variant of Tasks RCU enabled.\r\n'
2022-08-19 16:03:01,423 - network-test - INFO - stdout: '[    0.000000] \tTracing variant of Tasks RCU enabled.\r\n'
2022-08-19 16:03:01,423 - network-test - INFO - stdout: '[    0.000000] rcu: RCU calculated value of scheduler-enlistment delay is 25 jiffies.\r\n'
2022-08-19 16:03:01,424 - network-test - INFO - stdout: '[    0.000000] rcu: Adjusting geometry for rcu_fanout_leaf=16, nr_cpu_ids=2\r\n'
2022-08-19 16:03:01,424 - network-test - INFO - stdout: '[    0.000000] NR_IRQS: 64, nr_irqs: 64, preallocated irqs: 0\r\n'
2022-08-19 16:03:01,424 - network-test - INFO - stdout: '[    0.000000] riscv-intc: 64 local interrupts mapped\r\n'
2022-08-19 16:03:01,424 - network-test - INFO - stdout: '[    0.000000] plic: plic@c000000: mapped 96 interrupts with 2 handlers for 4 contexts.\r\n'
2022-08-19 16:03:01,425 - network-test - INFO - stdout: '[    0.000000] kfence: initialized - using 2097152 bytes for 255 objects at 0x(____ptrval____)-0x(____ptrval____)\r\n'
2022-08-19 16:03:01,425 - network-test - INFO - stdout: '[    0.000000] riscv_timer_init_dt: Registering clocksource cpuid [0] hartid [0]\r\n'
2022-08-19 16:03:01,425 - network-test - INFO - stdout: '[    0.000000] clocksource: riscv_clocksource: mask: 0xffffffffffffffff max_cycles: 0x24e6a1710, max_idle_ns: 440795202120 ns\r\n'
2022-08-19 16:03:01,425 - network-test - INFO - stdout: '[    0.000078] sched_clock: 64 bits at 10MHz, resolution 100ns, wraps every 4398046511100ns\r\n'
2022-08-19 16:03:01,426 - network-test - INFO - stdout: '[    0.003460] Console: colour dummy device 80x25\r\n'
2022-08-19 16:03:01,426 - network-test - INFO - stdout: '[    0.003844] printk: console [tty0] enabled\r\n'
2022-08-19 16:03:01,426 - network-test - INFO - stdout: '[    0.004387] printk: bootconsole [ns16550a0] disabled\r\n'
2022-08-19 16:03:01,426 - network-test - INFO - stdout: '[    0.007719] Calibrating delay loop (skipped), value calculated using timer frequency.. 20.00 BogoMIPS (lpj=40000)\r\n'
2022-08-19 16:03:01,426 - network-test - INFO - stdout: '[    0.007903] pid_max: default: 32768 minimum: 301\r\n'
2022-08-19 16:03:01,426 - network-test - INFO - stdout: '[    0.008467] LSM: Security Framework initializing\r\n'
2022-08-19 16:03:01,427 - network-test - INFO - stdout: '[    0.009028] Yama: becoming mindful.\r\n'
2022-08-19 16:03:01,427 - network-test - INFO - stdout: '[    0.010713] AppArmor: AppArmor initialized\r\n'
2022-08-19 16:03:01,427 - network-test - INFO - stdout: '[    0.011865] Mount-cache hash table entries: 4096 (order: 3, 32768 bytes, linear)\r\n'
2022-08-19 16:03:01,427 - network-test - INFO - stdout: '[    0.011919] Mountpoint-cache hash table entries: 4096 (order: 3, 32768 bytes, linear)\r\n'
2022-08-19 16:03:01,427 - network-test - INFO - stdout: '[    0.034053] ASID allocator using 16 bits (65536 entries)\r\n'
2022-08-19 16:03:01,428 - network-test - INFO - stdout: '[    0.034559] rcu: Hierarchical SRCU implementation.\r\n'
2022-08-19 16:03:01,428 - network-test - INFO - stdout: '[    0.037252] EFI services will not be available.\r\n'
2022-08-19 16:03:01,428 - network-test - INFO - stdout: '[    0.038707] smp: Bringing up secondary CPUs ...\r\n'
2022-08-19 16:03:01,428 - network-test - INFO - stdout: '[    0.043204] smp: Brought up 1 node, 2 CPUs\r\n'
2022-08-19 16:03:01,428 - network-test - INFO - stdout: '[    0.053075] devtmpfs: initialized\r\n'
2022-08-19 16:03:01,428 - network-test - INFO - stdout: '[    0.058342] clocksource: jiffies: mask: 0xffffffff max_cycles: 0xffffffff, max_idle_ns: 7645041785100000 ns\r\n'
2022-08-19 16:03:01,429 - network-test - INFO - stdout: '[    0.058478] futex hash table entries: 512 (order: 3, 32768 bytes, linear)\r\n'
2022-08-19 16:03:01,429 - network-test - INFO - stdout: '[    0.061223] pinctrl core: initialized pinctrl subsystem\r\n'
2022-08-19 16:03:01,429 - network-test - INFO - stdout: '[    0.074653] NET: Registered PF_NETLINK/PF_ROUTE protocol family\r\n'
2022-08-19 16:03:01,429 - network-test - INFO - stdout: '[    0.076341] audit: initializing netlink subsys (disabled)\r\n'
2022-08-19 16:03:01,429 - network-test - INFO - stdout: '[    0.077511] audit: type=2000 audit(0.068:1): state=initialized audit_enabled=0 res=1\r\n'
2022-08-19 16:03:01,430 - network-test - INFO - stdout: "[    0.080283] thermal_sys: Registered thermal governor 'fair_share'\r\n"
2022-08-19 16:03:01,430 - network-test - INFO - stdout: "[    0.080333] thermal_sys: Registered thermal governor 'bang_bang'\r\n"
2022-08-19 16:03:01,430 - network-test - INFO - stdout: "[    0.080361] thermal_sys: Registered thermal governor 'step_wise'\r\n"
2022-08-19 16:03:01,430 - network-test - INFO - stdout: "[    0.080378] thermal_sys: Registered thermal governor 'user_space'\r\n"
2022-08-19 16:03:01,430 - network-test - INFO - stdout: '[    0.099203] HugeTLB registered 1.00 GiB page size, pre-allocated 0 pages\r\n'
2022-08-19 16:03:01,431 - network-test - INFO - stdout: '[    0.099253] HugeTLB registered 2.00 MiB page size, pre-allocated 0 pages\r\n'
2022-08-19 16:03:01,431 - network-test - INFO - stdout: '[    0.116597] fbcon: Taking over console\r\n'
2022-08-19 16:03:01,431 - network-test - INFO - stdout: '[    0.117257] iommu: Default domain type: Translated \r\n'
2022-08-19 16:03:01,431 - network-test - INFO - stdout: '[    0.117298] iommu: DMA domain TLB invalidation policy: strict mode \r\n'
2022-08-19 16:03:01,431 - network-test - INFO - stdout: '[    0.119923] SCSI subsystem initialized\r\n'
2022-08-19 16:03:01,431 - network-test - INFO - stdout: '[    0.122909] vgaarb: loaded\r\n'
2022-08-19 16:03:01,432 - network-test - INFO - stdout: '[    0.123740] usbcore: registered new interface driver usbfs\r\n'
2022-08-19 16:03:01,432 - network-test - INFO - stdout: '[    0.123935] usbcore: registered new interface driver hub\r\n'
2022-08-19 16:03:01,432 - network-test - INFO - stdout: '[    0.124052] usbcore: registered new device driver usb\r\n'
2022-08-19 16:03:01,432 - network-test - INFO - stdout: '[    0.124379] pps_core: LinuxPPS API ver. 1 registered\r\n'
2022-08-19 16:03:01,432 - network-test - INFO - stdout: '[    0.124405] pps_core: Software ver. 5.3.6 - Copyright 2005-2007 Rodolfo Giometti <giometti@linux.it>\r\n'
2022-08-19 16:03:01,432 - network-test - INFO - stdout: '[    0.124470] PTP clock support registered\r\n'
2022-08-19 16:03:01,432 - network-test - INFO - stdout: '[    0.124970] EDAC MC: Ver: 3.0.0\r\n'
2022-08-19 16:03:01,433 - network-test - INFO - stdout: '[    0.130912] NetLabel: Initializing\r\n'
2022-08-19 16:03:01,433 - network-test - INFO - stdout: '[    0.130942] NetLabel:  domain hash size = 128\r\n'
2022-08-19 16:03:01,433 - network-test - INFO - stdout: '[    0.130962] NetLabel:  protocols = UNLABELED CIPSOv4 CALIPSO\r\n'
2022-08-19 16:03:01,433 - network-test - INFO - stdout: '[    0.131623] NetLabel:  unlabeled traffic allowed by default\r\n'
2022-08-19 16:03:01,433 - network-test - INFO - stdout: '[    0.133885] clocksource: Switched to clocksource riscv_clocksource\r\n'
2022-08-19 16:03:01,433 - network-test - INFO - stdout: '[    0.197136] VFS: Disk quotas dquot_6.6.0\r\n'
2022-08-19 16:03:01,434 - network-test - INFO - stdout: '[    0.197267] VFS: Dquot-cache hash table entries: 512 (order 0, 4096 bytes)\r\n'
2022-08-19 16:03:01,434 - network-test - INFO - stdout: '[    0.199926] AppArmor: AppArmor Filesystem Enabled\r\n'
2022-08-19 16:03:01,434 - network-test - INFO - stdout: '[    0.215642] NET: Registered PF_INET protocol family\r\n'
2022-08-19 16:03:01,434 - network-test - INFO - stdout: '[    0.216278] IP idents hash table entries: 32768 (order: 6, 262144 bytes, linear)\r\n'
2022-08-19 16:03:01,434 - network-test - INFO - stdout: '[    0.221794] tcp_listen_portaddr_hash hash table entries: 1024 (order: 2, 16384 bytes, linear)\r\n'
2022-08-19 16:03:01,435 - network-test - INFO - stdout: '[    0.222048] TCP established hash table entries: 16384 (order: 5, 131072 bytes, linear)\r\n'
2022-08-19 16:03:01,435 - network-test - INFO - stdout: '[    0.222290] TCP bind hash table entries: 16384 (order: 6, 262144 bytes, linear)\r\n'
2022-08-19 16:03:01,435 - network-test - INFO - stdout: '[    0.222506] TCP: Hash tables configured (established 16384 bind 16384)\r\n'
2022-08-19 16:03:01,435 - network-test - INFO - stdout: '[    0.223561] MPTCP token hash table entries: 2048 (order: 3, 49152 bytes, linear)\r\n'
2022-08-19 16:03:01,436 - network-test - INFO - stdout: '[    0.223760] UDP hash table entries: 1024 (order: 3, 32768 bytes, linear)\r\n'
2022-08-19 16:03:01,436 - network-test - INFO - stdout: '[    0.223947] UDP-Lite hash table entries: 1024 (order: 3, 32768 bytes, linear)\r\n'
2022-08-19 16:03:01,436 - network-test - INFO - stdout: '[    0.224999] NET: Registered PF_UNIX/PF_LOCAL protocol family\r\n'
2022-08-19 16:03:01,436 - network-test - INFO - stdout: '[    0.225254] NET: Registered PF_XDP protocol family\r\n'
2022-08-19 16:03:01,436 - network-test - INFO - stdout: '[    0.225373] PCI: CLS 0 bytes, default 64\r\n'
2022-08-19 16:03:01,436 - network-test - INFO - stdout: '[    0.227043] Initialise system trusted keyrings\r\n'
2022-08-19 16:03:01,437 - network-test - INFO - stdout: '[    0.228162] Key type blacklist registered\r\n'
2022-08-19 16:03:01,437 - network-test - INFO - stdout: '[    0.228541] Trying to unpack rootfs image as initramfs...\r\n'
2022-08-19 16:03:01,437 - network-test - INFO - stdout: '[    0.230158] workingset: timestamp_bits=44 max_order=19 bucket_order=0\r\n'
2022-08-19 16:03:01,437 - network-test - INFO - stdout: '[    0.237759] zbud: loaded\r\n'
2022-08-19 16:03:01,437 - network-test - INFO - stdout: '[    0.240576] squashfs: version 4.0 (2009/01/31) Phillip Lougher\r\n'
2022-08-19 16:03:01,437 - network-test - INFO - stdout: '[    0.246885] fuse: init (API version 7.34)\r\n'
2022-08-19 16:03:01,437 - network-test - INFO - stdout: '[    0.248992] integrity: Platform Keyring initialized\r\n'
2022-08-19 16:03:01,438 - network-test - INFO - stdout: '[    0.263396] Key type asymmetric registered\r\n'
2022-08-19 16:03:01,438 - network-test - INFO - stdout: "[    0.263460] Asymmetric key parser 'x509' registered\r\n"
2022-08-19 16:03:01,438 - network-test - INFO - stdout: '[    0.263673] Block layer SCSI generic (bsg) driver version 0.4 loaded (major 244)\r\n'
2022-08-19 16:03:01,438 - network-test - INFO - stdout: '[    0.264211] io scheduler mq-deadline registered\r\n'
2022-08-19 16:03:01,438 - network-test - INFO - stdout: '[    0.270169] shpchp: Standard Hot Plug PCI Controller Driver version: 0.4\r\n'
2022-08-19 16:03:01,439 - network-test - INFO - stdout: '[    0.271750] pci-host-generic 30000000.pci: host bridge /soc/pci@30000000 ranges:\r\n'
2022-08-19 16:03:01,439 - network-test - INFO - stdout: '[    0.272305] pci-host-generic 30000000.pci:       IO 0x0003000000..0x000300ffff -> 0x0000000000\r\n'
2022-08-19 16:03:01,439 - network-test - INFO - stdout: '[    0.272651] pci-host-generic 30000000.pci:      MEM 0x0040000000..0x007fffffff -> 0x0040000000\r\n'
2022-08-19 16:03:01,439 - network-test - INFO - stdout: '[    0.272713] pci-host-generic 30000000.pci:      MEM 0x0400000000..0x07ffffffff -> 0x0400000000\r\n'
2022-08-19 16:03:01,440 - network-test - INFO - stdout: '[    0.273028] pci-host-generic 30000000.pci: Memory resource size exceeds max for 32 bits\r\n'
2022-08-19 16:03:01,440 - network-test - INFO - stdout: '[    0.273939] pci-host-generic 30000000.pci: ECAM at [mem 0x30000000-0x3fffffff] for [bus 00-ff]\r\n'
2022-08-19 16:03:01,440 - network-test - INFO - stdout: '[    0.274739] pci-host-generic 30000000.pci: PCI host bridge to bus 0000:00\r\n'
2022-08-19 16:03:01,440 - network-test - INFO - stdout: '[    0.275007] pci_bus 0000:00: root bus resource [io  0x0000-0xffff]\r\n'
2022-08-19 16:03:01,441 - network-test - INFO - stdout: '[    0.275072] pci_bus 0000:00: root bus resource [mem 0x40000000-0x7fffffff]\r\n'
2022-08-19 16:03:01,441 - network-test - INFO - stdout: '[    0.275094] pci_bus 0000:00: root bus resource [mem 0x400000000-0x7ffffffff]\r\n'
2022-08-19 16:03:01,441 - network-test - INFO - stdout: '[    0.275185] pci_bus 0000:00: root bus resource [bus 00-ff]\r\n'
2022-08-19 16:03:01,441 - network-test - INFO - stdout: '[    0.276005] pci 0000:00:00.0: [1b36:0008] type 00 class 0x060000\r\n'
2022-08-19 16:03:01,441 - network-test - INFO - stdout: '[    0.278345] pci 0000:00:01.0: [1af4:1000] type 00 class 0x020000\r\n'
2022-08-19 16:03:01,442 - network-test - INFO - stdout: '[    0.279097] pci 0000:00:01.0: reg 0x10: [io  0x1000-0x103f]\r\n'
2022-08-19 16:03:01,442 - network-test - INFO - stdout: '[    0.279658] pci 0000:00:01.0: reg 0x14: [mem 0x40000000-0x40000fff]\r\n'
2022-08-19 16:03:01,442 - network-test - INFO - stdout: '[    0.281177] pci 0000:00:01.0: reg 0x20: [mem 0x40004000-0x40007fff 64bit pref]\r\n'
2022-08-19 16:03:01,442 - network-test - INFO - stdout: '[    0.282099] pci 0000:00:02.0: [1af4:1001] type 00 class 0x010000\r\n'
2022-08-19 16:03:01,442 - network-test - INFO - stdout: '[    0.282614] pci 0000:00:02.0: reg 0x10: [io  0x1080-0x10ff]\r\n'
2022-08-19 16:03:01,443 - network-test - INFO - stdout: '[    0.283119] pci 0000:00:02.0: reg 0x14: [mem 0x40008000-0x40008fff]\r\n'
2022-08-19 16:03:01,443 - network-test - INFO - stdout: '[    0.284529] pci 0000:00:02.0: reg 0x20: [mem 0x4000c000-0x4000ffff 64bit pref]\r\n'
2022-08-19 16:03:01,443 - network-test - INFO - stdout: '[    0.285289] pci 0000:00:03.0: [1af4:1001] type 00 class 0x010000\r\n'
2022-08-19 16:03:01,443 - network-test - INFO - stdout: '[    0.285796] pci 0000:00:03.0: reg 0x10: [io  0x1100-0x117f]\r\n'
2022-08-19 16:03:01,443 - network-test - INFO - stdout: '[    0.286364] pci 0000:00:03.0: reg 0x14: [mem 0x40010000-0x40010fff]\r\n'
2022-08-19 16:03:01,444 - network-test - INFO - stdout: '[    0.287757] pci 0000:00:03.0: reg 0x20: [mem 0x40014000-0x40017fff 64bit pref]\r\n'
2022-08-19 16:03:01,444 - network-test - INFO - stdout: '[    0.289621] pci 0000:00:01.0: BAR 4: assigned [mem 0x400000000-0x400003fff 64bit pref]\r\n'
2022-08-19 16:03:01,444 - network-test - INFO - stdout: '[    0.292061] pci 0000:00:02.0: BAR 4: assigned [mem 0x400004000-0x400007fff 64bit pref]\r\n'
2022-08-19 16:03:01,445 - network-test - INFO - stdout: '[    0.292463] pci 0000:00:03.0: BAR 4: assigned [mem 0x400008000-0x40000bfff 64bit pref]\r\n'
2022-08-19 16:03:01,445 - network-test - INFO - stdout: '[    0.292808] pci 0000:00:01.0: BAR 1: assigned [mem 0x40000000-0x40000fff]\r\n'
2022-08-19 16:03:01,445 - network-test - INFO - stdout: '[    0.292858] pci 0000:00:02.0: BAR 1: assigned [mem 0x40001000-0x40001fff]\r\n'
2022-08-19 16:03:01,445 - network-test - INFO - stdout: '[    0.293017] pci 0000:00:03.0: BAR 1: assigned [mem 0x40002000-0x40002fff]\r\n'
2022-08-19 16:03:01,445 - network-test - INFO - stdout: '[    0.293194] pci 0000:00:02.0: BAR 0: assigned [io  0x0000-0x007f]\r\n'
2022-08-19 16:03:01,446 - network-test - INFO - stdout: '[    0.293372] pci 0000:00:03.0: BAR 0: assigned [io  0x0080-0x00ff]\r\n'
2022-08-19 16:03:01,446 - network-test - INFO - stdout: '[    0.293556] pci 0000:00:01.0: BAR 0: assigned [io  0x0100-0x013f]\r\n'
2022-08-19 16:03:01,446 - network-test - INFO - stdout: '[    0.300016] Serial: 8250/16550 driver, 32 ports, IRQ sharing enabled\r\n'
2022-08-19 16:03:01,446 - network-test - INFO - stdout: '[    0.311407] 10000000.uart: ttyS0 at MMIO 0x10000000 (irq = 2, base_baud = 230400) is a 16550A\r\n'
2022-08-19 16:03:01,447 - network-test - INFO - stdout: '[    0.345023] printk: console [ttyS0] enabled\r\n'
2022-08-19 16:03:01,462 - network-test - INFO - stdout: '[    0.360382] loop: module loaded\r\n'
2022-08-19 16:03:01,466 - network-test - INFO - stdout: '[    0.364021] tun: Universal TUN/TAP device driver, 1.6\r\n'
2022-08-19 16:03:01,466 - network-test - INFO - stdout: '[    0.364608] PPP generic driver version 2.4.2\r\n'
2022-08-19 16:03:01,467 - network-test - INFO - stdout: "[    0.365393] ehci_hcd: USB 2.0 'Enhanced' Host Controller (EHCI) Driver\r\n"
2022-08-19 16:03:01,467 - network-test - INFO - stdout: '[    0.365836] ehci-pci: EHCI PCI platform driver\r\n'
2022-08-19 16:03:01,468 - network-test - INFO - stdout: "[    0.366230] ohci_hcd: USB 1.1 'Open' Host Controller (OHCI) Driver\r\n"
2022-08-19 16:03:01,468 - network-test - INFO - stdout: '[    0.366542] ohci-pci: OHCI PCI platform driver\r\n'
2022-08-19 16:03:01,469 - network-test - INFO - stdout: '[    0.366908] uhci_hcd: USB Universal Host Controller Interface driver\r\n'
2022-08-19 16:03:01,470 - network-test - INFO - stdout: '[    0.367904] mousedev: PS/2 mouse device common for all mice\r\n'
2022-08-19 16:03:01,472 - network-test - INFO - stdout: '[    0.370167] goldfish_rtc 101000.rtc: registered as rtc0\r\n'
2022-08-19 16:03:01,473 - network-test - INFO - stdout: '[    0.370840] goldfish_rtc 101000.rtc: setting system clock to 2022-08-19T14:03:01 UTC (1660917781)\r\n'
2022-08-19 16:03:01,473 - network-test - INFO - stdout: '[    0.371539] i2c_dev: i2c /dev entries driver\r\n'
2022-08-19 16:03:01,476 - network-test - INFO - stdout: '[    0.373624] syscon-poweroff soc:poweroff: pm_power_off already claimed for sbi_srst_power_off\r\n'
2022-08-19 16:03:01,476 - network-test - INFO - stdout: '[    0.374209] syscon-poweroff: probe of soc:poweroff failed with error -16\r\n'
2022-08-19 16:03:01,477 - network-test - INFO - stdout: '[    0.374700] device-mapper: core: CONFIG_IMA_DISABLE_HTABLE is disabled. Duplicate IMA measurements will not be recorded in the IMA log.\r\n'
2022-08-19 16:03:01,477 - network-test - INFO - stdout: '[    0.375380] device-mapper: uevent: version 1.0.3\r\n'
2022-08-19 16:03:01,478 - network-test - INFO - stdout: '[    0.376051] device-mapper: ioctl: 4.45.0-ioctl (2021-03-22) initialised: dm-devel@redhat.com\r\n'
2022-08-19 16:03:01,479 - network-test - INFO - stdout: '[    0.377044] EDAC DEVICE0: Giving out device to module Sifive ECC Manager controller sifive_edac.0: DEV sifive_edac.0 (INTERRUPT)\r\n'
2022-08-19 16:03:01,480 - network-test - INFO - stdout: '[    0.378213] ledtrig-cpu: registered to indicate activity on CPUs\r\n'
2022-08-19 16:03:01,481 - network-test - INFO - stdout: '[    0.379103] drop_monitor: Initializing network drop monitor service\r\n'
2022-08-19 16:03:01,482 - network-test - INFO - stdout: '[    0.380509] NET: Registered PF_INET6 protocol family\r\n'
2022-08-19 16:03:03,103 - network-test - INFO - stdout: '[    2.001590] Freeing initrd memory: 30656K\r\n'
2022-08-19 16:03:03,296 - network-test - INFO - stdout: '[    2.194227] Segment Routing with IPv6\r\n'
2022-08-19 16:03:03,296 - network-test - INFO - stdout: '[    2.194770] In-situ OAM (IOAM) with IPv6\r\n'
2022-08-19 16:03:03,297 - network-test - INFO - stdout: '[    2.195359] NET: Registered PF_PACKET protocol family\r\n'
2022-08-19 16:03:03,298 - network-test - INFO - stdout: '[    2.196220] Key type dns_resolver registered\r\n'
2022-08-19 16:03:03,300 - network-test - INFO - stdout: '[    2.198119] registered taskstats version 1\r\n'
2022-08-19 16:03:03,301 - network-test - INFO - stdout: '[    2.198977] Loading compiled-in X.509 certificates\r\n'
2022-08-19 16:03:03,311 - network-test - INFO - stdout: "[    2.208753] Loaded X.509 cert 'Build time autogenerated kernel key: 2fbd19f9f7f6499dd77dd1e9aa49edbe4c15349a'\r\n"
2022-08-19 16:03:03,313 - network-test - INFO - stdout: "[    2.211158] Loaded X.509 cert 'Canonical Ltd. Live Patch Signing: 14df34d1a87cf37625abec039ef2bf521249b969'\r\n"
2022-08-19 16:03:03,315 - network-test - INFO - stdout: "[    2.213078] Loaded X.509 cert 'Canonical Ltd. Kernel Module Signing: 88f752e560a1e0737e31163a466ad7b70a850c19'\r\n"
2022-08-19 16:03:03,315 - network-test - INFO - stdout: '[    2.213581] blacklist: Loading compiled-in revocation X.509 certificates\r\n'
2022-08-19 16:03:03,317 - network-test - INFO - stdout: "[    2.215260] Loaded X.509 cert 'Canonical Ltd. Secure Boot Signing: 61482aa2830d0ab2ad5af10b7250da9033ddcef0'\r\n"
2022-08-19 16:03:03,319 - network-test - INFO - stdout: '[    2.217379] zswap: loaded using pool lzo/zbud\r\n'
2022-08-19 16:03:03,322 - network-test - INFO - stdout: '[    2.219939] Key type ._fscrypt registered\r\n'
2022-08-19 16:03:03,322 - network-test - INFO - stdout: '[    2.220189] Key type .fscrypt registered\r\n'
2022-08-19 16:03:03,322 - network-test - INFO - stdout: '[    2.220403] Key type fscrypt-provisioning registered\r\n'
2022-08-19 16:03:03,394 - network-test - INFO - stdout: '[    2.292013] Key type encrypted registered\r\n'
2022-08-19 16:03:03,394 - network-test - INFO - stdout: '[    2.292337] AppArmor: AppArmor sha1 policy hashing enabled\r\n'
2022-08-19 16:03:03,395 - network-test - INFO - stdout: '[    2.293005] ima: No TPM chip found, activating TPM-bypass!\r\n'
2022-08-19 16:03:03,395 - network-test - INFO - stdout: '[    2.293375] Loading compiled-in module X.509 certificates\r\n'
2022-08-19 16:03:03,397 - network-test - INFO - stdout: "[    2.295297] Loaded X.509 cert 'Build time autogenerated kernel key: 2fbd19f9f7f6499dd77dd1e9aa49edbe4c15349a'\r\n"
2022-08-19 16:03:03,397 - network-test - INFO - stdout: '[    2.295718] ima: Allocated hash algorithm: sha1\r\n'
2022-08-19 16:03:03,399 - network-test - INFO - stdout: '[    2.297577] ima: No architecture policies found\r\n'
2022-08-19 16:03:03,400 - network-test - INFO - stdout: '[    2.298534] evm: Initialising EVM extended attributes:\r\n'
2022-08-19 16:03:03,400 - network-test - INFO - stdout: '[    2.298812] evm: security.selinux\r\n'
2022-08-19 16:03:03,401 - network-test - INFO - stdout: '[    2.298991] evm: security.SMACK64\r\n'
2022-08-19 16:03:03,401 - network-test - INFO - stdout: '[    2.299129] evm: security.SMACK64EXEC\r\n'
2022-08-19 16:03:03,401 - network-test - INFO - stdout: '[    2.299278] evm: security.SMACK64TRANSMUTE\r\n'
2022-08-19 16:03:03,401 - network-test - INFO - stdout: '[    2.299437] evm: security.SMACK64MMAP\r\n'
2022-08-19 16:03:03,401 - network-test - INFO - stdout: '[    2.299583] evm: security.apparmor\r\n'
2022-08-19 16:03:03,401 - network-test - INFO - stdout: '[    2.299732] evm: security.ima\r\n'
2022-08-19 16:03:03,402 - network-test - INFO - stdout: '[    2.299884] evm: security.capability\r\n'
2022-08-19 16:03:03,402 - network-test - INFO - stdout: '[    2.300081] evm: HMAC attrs: 0x1\r\n'
2022-08-19 16:03:03,451 - network-test - INFO - stdout: '[    2.349781] Freeing unused kernel image (initmem) memory: 2532K\r\n'
2022-08-19 16:03:03,475 - network-test - INFO - stdout: '[    2.372998] Checked W+X mappings: passed, no W+X pages found\r\n'
2022-08-19 16:03:03,475 - network-test - INFO - stdout: '[    2.373433] Run /init as init process\r\n'
2022-08-19 16:03:03,596 - network-test - INFO - stdout: 'Loading, please wait...\r\n'
2022-08-19 16:03:03,897 - network-test - INFO - stdout: 'Starting version 251.2-2ubuntu2\r\n'
2022-08-19 16:03:05,219 - network-test - INFO - stdout: '[    4.117358] virtio_blk virtio1: [vda] 16777216 512-byte logical blocks (8.59 GB/8.00 GiB)\r\n'
2022-08-19 16:03:05,289 - network-test - INFO - stdout: '[    4.187140] GPT:Primary header thinks Alt. header is not at the end of the disk.\r\n'
2022-08-19 16:03:05,289 - network-test - INFO - stdout: '[    4.187320] GPT:9437183 != 16777215\r\n'
2022-08-19 16:03:05,289 - network-test - INFO - stdout: '[    4.187394] GPT:Alternate GPT header not at the end of the disk.\r\n'
2022-08-19 16:03:05,289 - network-test - INFO - stdout: '[    4.187489] GPT:9437183 != 16777215\r\n'
2022-08-19 16:03:05,289 - network-test - INFO - stdout: '[    4.187555] GPT: Use GNU Parted to correct GPT errors.\r\n'
2022-08-19 16:03:05,289 - network-test - INFO - stdout: '[    4.187941]  vda: vda1 vda15\r\n'
2022-08-19 16:03:05,295 - network-test - INFO - stdout: '[    4.193289] virtio_blk virtio2: [vdb] 740 512-byte logical blocks (379 kB/370 KiB)\r\n'
2022-08-19 16:03:05,736 - network-test - INFO - stdout: '[    4.634816] virtio_net virtio0 enp0s1: renamed from eth0\r\n'
2022-08-19 16:03:08,351 - network-test - INFO - stdout: 'Begin: Loading essential drivers ... [    7.249799] raid6: int64x8  gen()   941 MB/s\r\n'
2022-08-19 16:03:08,419 - network-test - INFO - stdout: '[    7.317770] raid6: int64x8  xor()   703 MB/s\r\n'
2022-08-19 16:03:08,487 - network-test - INFO - stdout: '[    7.385759] raid6: int64x4  gen()  2358 MB/s\r\n'
2022-08-19 16:03:08,555 - network-test - INFO - stdout: '[    7.453743] raid6: int64x4  xor()  1361 MB/s\r\n'
2022-08-19 16:03:08,623 - network-test - INFO - stdout: '[    7.521756] raid6: int64x2  gen()  2640 MB/s\r\n'
2022-08-19 16:03:08,691 - network-test - INFO - stdout: '[    7.589743] raid6: int64x2  xor()  1513 MB/s\r\n'
2022-08-19 16:03:08,759 - network-test - INFO - stdout: '[    7.657755] raid6: int64x1  gen()  2505 MB/s\r\n'
2022-08-19 16:03:08,827 - network-test - INFO - stdout: '[    7.725755] raid6: int64x1  xor()  1566 MB/s\r\n'
2022-08-19 16:03:08,827 - network-test - INFO - stdout: '[    7.725842] raid6: using algorithm int64x2 gen() 2640 MB/s\r\n'
2022-08-19 16:03:08,827 - network-test - INFO - stdout: '[    7.725924] raid6: .... xor() 1513 MB/s, rmw enabled\r\n'
2022-08-19 16:03:08,828 - network-test - INFO - stdout: '[    7.726041] raid6: using intx1 recovery algorithm\r\n'
2022-08-19 16:03:08,834 - network-test - INFO - stdout: '[    7.732054] xor: measuring software checksum speed\r\n'
2022-08-19 16:03:08,836 - network-test - INFO - stdout: '[    7.734706]    8regs           :  4010 MB/sec\r\n'
2022-08-19 16:03:08,842 - network-test - INFO - stdout: '[    7.740322]    8regs_prefetch  :  1820 MB/sec\r\n'
2022-08-19 16:03:08,845 - network-test - INFO - stdout: '[    7.742992]    32regs          :  3990 MB/sec\r\n'
2022-08-19 16:03:08,847 - network-test - INFO - stdout: '[    7.745514]    32regs_prefetch :  4107 MB/sec\r\n'
2022-08-19 16:03:08,847 - network-test - INFO - stdout: '[    7.745601] xor: using function: 32regs_prefetch (4107 MB/sec)\r\n'
2022-08-19 16:03:08,853 - network-test - INFO - stdout: '[    7.751188] async_tx: api initialized (async)\r\n'
2022-08-19 16:03:09,124 - network-test - INFO - stdout: 'done.\r\n'
2022-08-19 16:03:09,259 - network-test - INFO - stdout: 'Begin: Running /scripts/init-premount ... done.\r\n'
2022-08-19 16:03:09,503 - network-test - INFO - stdout: 'Begin: Mounting root file system ... Begin: Running /scripts/local-top ... done.\r\n'
2022-08-19 16:03:09,982 - network-test - INFO - stdout: 'Begin: Running /scripts/local-premount ... [    8.880535] Btrfs loaded, crc32c=crc32c-generic, zoned=yes, fsverity=yes\r\n'
2022-08-19 16:03:10,015 - network-test - INFO - stdout: 'Scanning for Btrfs filesystems\r\n'
2022-08-19 16:03:10,222 - network-test - INFO - stdout: 'done.\r\n'
2022-08-19 16:03:10,425 - network-test - INFO - stdout: 'Warning: fsck not present, so skipping root file system\r\n'
2022-08-19 16:03:10,455 - network-test - INFO - stdout: '[    9.353509] EXT4-fs (vda1): mounted filesystem with ordered data mode. Opts: (null). Quota mode: none.\r\n'
2022-08-19 16:03:10,458 - network-test - INFO - stdout: 'done.\r\n'
2022-08-19 16:03:10,642 - network-test - INFO - stdout: 'Begin: Running /scripts/local-bottom ... done.\r\n'
2022-08-19 16:03:10,924 - network-test - INFO - stdout: 'Begin: Running /scripts/init-bottom ... [    9.822828] random: fast init done\r\n'
2022-08-19 16:03:11,211 - network-test - INFO - stdout: 'done.\r\n'
2022-08-19 16:03:11,814 - network-test - INFO - stdout: "[   10.712839] systemd[1]: Inserted module 'autofs4'\r\n"
2022-08-19 16:03:11,944 - network-test - INFO - stdout: '[   10.841532] systemd[1]: systemd 251.2-2ubuntu2 running in system mode (+PAM +AUDIT +SELINUX +APPARMOR +IMA +SMACK +SECCOMP +GCRYPT -GNUTLS +OPENSSL +ACL +BLKID +CURL +ELFUTILS +FIDO2 +IDN2 -IDN +IPTC +KMOD +LIBCRYPTSETUP +LIBFDISK +PCRE2 -PWQUALITY -P11KIT -QRENCODE +TPM2 +BZIP2 +LZ4 +XZ +ZLIB +ZSTD -BPF_FRAMEWORK -XKBCOMMON +UTMP +SYSVINIT default-hierarchy=unified)\r\n'
2022-08-19 16:03:11,944 - network-test - INFO - stdout: '[   10.842735] systemd[1]: Detected architecture riscv64.\r\n'
2022-08-19 16:03:11,948 - network-test - INFO - stdout: '\r\n'
2022-08-19 16:03:11,948 - network-test - INFO - stdout: 'Welcome to \x1b[1mUbuntu Kinetic Kudu (development branch)\x1b[0m!\r\n'
2022-08-19 16:03:11,948 - network-test - INFO - stdout: '\r\n'
2022-08-19 16:03:11,950 - network-test - INFO - stdout: '[   10.848504] systemd[1]: Hostname set to <ubuntu>.\r\n'
2022-08-19 16:03:12,739 - network-test - INFO - stdout: '[   11.637538] systemd[1]: Initializing machine ID from random generator.\r\n'
2022-08-19 16:03:12,741 - network-test - INFO - stdout: '[   11.639135] systemd[1]: Installed transient /etc/machine-id file.\r\n'
2022-08-19 16:03:13,644 - network-test - INFO - stdout: '[   12.542622] random: lvmconfig: uninitialized urandom read (4 bytes read)\r\n'
2022-08-19 16:03:16,261 - network-test - INFO - stdout: '[   15.159052] systemd[1]: Queued start job for default target Graphical Interface.\r\n'
2022-08-19 16:03:16,290 - network-test - INFO - stdout: '[   15.188377] systemd[1]: Created slice Slice /system/modprobe.\r\n'
2022-08-19 16:03:16,292 - network-test - INFO - stdout: '[\x1b[0;32m  OK  \x1b[0m] Created slice \x1b[0;1;39mSlice /system/modprobe\x1b[0m.\r\n'
2022-08-19 16:03:16,300 - network-test - INFO - stdout: '[   15.198067] systemd[1]: Created slice Slice /system/serial-getty.\r\n'
2022-08-19 16:03:16,300 - network-test - INFO - stdout: '[\x1b[0;32m  OK  \x1b[0m] Created slice \x1b[0;1;39mSlice /system/serial-getty\x1b[0m.\r\n'
2022-08-19 16:03:16,306 - network-test - INFO - stdout: '[   15.204177] systemd[1]: Created slice Slice /system/systemd-fsck.\r\n'
2022-08-19 16:03:16,306 - network-test - INFO - stdout: '[\x1b[0;32m  OK  \x1b[0m] Created slice \x1b[0;1;39mSlice /system/systemd-fsck\x1b[0m.\r\n'
2022-08-19 16:03:16,311 - network-test - INFO - stdout: '[   15.208956] systemd[1]: Created slice User and Session Slice.\r\n'
2022-08-19 16:03:16,311 - network-test - INFO - stdout: '[\x1b[0;32m  OK  \x1b[0m] Created slice \x1b[0;1;39mUser and Session Slice\x1b[0m.\r\n'
2022-08-19 16:03:16,313 - network-test - INFO - stdout: '[   15.211833] systemd[1]: Started Forward Password Requests to Wall Directory Watch.\r\n'
2022-08-19 16:03:16,314 - network-test - INFO - stdout: '[\x1b[0;32m  OK  \x1b[0m] Started \x1b[0;1;39mForward Password Ruests to Wall Directory Watch\x1b[0m.\r\n'
2022-08-19 16:03:16,319 - network-test - INFO - stdout: '[   15.217817] systemd[1]: Set up automount Arbitrary Executable File Formats File System Automount Point.\r\n'
2022-08-19 16:03:16,320 - network-test - INFO - stdout: '[\x1b[0;32m  OK  \x1b[0m] Set up automount \x1b[0;1;39mArbitrarys File System Automount Point\x1b[0m.\r\n'
2022-08-19 16:03:16,321 - network-test - INFO - stdout: '[   15.219683] systemd[1]: Reached target Local Integrity Protected Volumes.\r\n'
2022-08-19 16:03:16,322 - network-test - INFO - stdout: '[\x1b[0;32m  OK  \x1b[0m] Reached target \x1b[0;1;39mLocal Integrity Protected Volumes\x1b[0m.\r\n'
2022-08-19 16:03:16,322 - network-test - INFO - stdout: '[   15.220773] systemd[1]: Reached target Slice Units.\r\n'
2022-08-19 16:03:16,323 - network-test - INFO - stdout: '[\x1b[0;32m  OK  \x1b[0m] Reached target \x1b[0;1;39mSlice Units\x1b[0m.\r\n'
2022-08-19 16:03:16,323 - network-test - INFO - stdout: '[   15.221851] systemd[1]: Reached target Swaps.\r\n'
2022-08-19 16:03:16,324 - network-test - INFO - stdout: '[\x1b[0;32m  OK  \x1b[0m] Reached target \x1b[0;1;39mSwaps\x1b[0m.\r\n'
2022-08-19 16:03:16,324 - network-test - INFO - stdout: '[   15.222862] systemd[1]: Reached target Local Verity Protected Volumes.\r\n'
2022-08-19 16:03:16,325 - network-test - INFO - stdout: '[\x1b[0;32m  OK  \x1b[0m] Reached target \x1b[0;1;39mLocal Verity Protected Volumes\x1b[0m.\r\n'
2022-08-19 16:03:16,327 - network-test - INFO - stdout: '[   15.225672] systemd[1]: Listening on Device-mapper event daemon FIFOs.\r\n'
2022-08-19 16:03:16,328 - network-test - INFO - stdout: '[\x1b[0;32m  OK  \x1b[0m] Listening on \x1b[0;1;39mDevice-mapper event daemon FIFOs\x1b[0m.\r\n'
2022-08-19 16:03:16,331 - network-test - INFO - stdout: '[   15.229422] systemd[1]: Listening on LVM2 poll daemon socket.\r\n'
2022-08-19 16:03:16,331 - network-test - INFO - stdout: '[\x1b[0;32m  OK  \x1b[0m] Listening on \x1b[0;1;39mLVM2 poll daemon socket\x1b[0m.\r\n'
2022-08-19 16:03:16,334 - network-test - INFO - stdout: '[   15.232482] systemd[1]: Listening on multipathd control socket.\r\n'
2022-08-19 16:03:16,335 - network-test - INFO - stdout: '[\x1b[0;32m  OK  \x1b[0m] Listening on \x1b[0;1;39mmultipathd control socket\x1b[0m.\r\n'
2022-08-19 16:03:16,337 - network-test - INFO - stdout: '[   15.235730] systemd[1]: Listening on Syslog Socket.\r\n'
2022-08-19 16:03:16,338 - network-test - INFO - stdout: '[\x1b[0;32m  OK  \x1b[0m] Listening on \x1b[0;1;39mSyslog Socket\x1b[0m.\r\n'
2022-08-19 16:03:16,340 - network-test - INFO - stdout: '[   15.238368] systemd[1]: Listening on fsck to fsckd communication Socket.\r\n'
2022-08-19 16:03:16,340 - network-test - INFO - stdout: '[\x1b[0;32m  OK  \x1b[0m] Listening on \x1b[0;1;39mfsck to fsckd communication Socket\x1b[0m.\r\n'
2022-08-19 16:03:16,342 - network-test - INFO - stdout: '[   15.240083] systemd[1]: Listening on initctl Compatibility Named Pipe.\r\n'
2022-08-19 16:03:16,342 - network-test - INFO - stdout: '[\x1b[0;32m  OK  \x1b[0m] Listening on \x1b[0;1;39minitctl Compatibility Named Pipe\x1b[0m.\r\n'
2022-08-19 16:03:16,347 - network-test - INFO - stdout: '[   15.245011] systemd[1]: Listening on Journal Audit Socket.\r\n'
2022-08-19 16:03:16,347 - network-test - INFO - stdout: '[\x1b[0;32m  OK  \x1b[0m] Listening on \x1b[0;1;39mJournal Audit Socket\x1b[0m.\r\n'
2022-08-19 16:03:16,350 - network-test - INFO - stdout: '[   15.248116] systemd[1]: Listening on Journal Socket (/dev/log).\r\n'
2022-08-19 16:03:16,350 - network-test - INFO - stdout: '[\x1b[0;32m  OK  \x1b[0m] Listening on \x1b[0;1;39mJournal Socket (/dev/log)\x1b[0m.\r\n'
2022-08-19 16:03:16,353 - network-test - INFO - stdout: '[   15.251488] systemd[1]: Listening on Journal Socket.\r\n'
2022-08-19 16:03:16,353 - network-test - INFO - stdout: '[\x1b[0;32m  OK  \x1b[0m] Listening on \x1b[0;1;39mJournal Socket\x1b[0m.\r\n'
2022-08-19 16:03:16,356 - network-test - INFO - stdout: '[   15.254347] systemd[1]: Listening on Network Service Netlink Socket.\r\n'
2022-08-19 16:03:16,356 - network-test - INFO - stdout: '[\x1b[0;32m  OK  \x1b[0m] Listening on \x1b[0;1;39mNetwork Service Netlink Socket\x1b[0m.\r\n'
2022-08-19 16:03:16,360 - network-test - INFO - stdout: '[   15.258193] systemd[1]: Listening on udev Control Socket.\r\n'
2022-08-19 16:03:16,360 - network-test - INFO - stdout: '[\x1b[0;32m  OK  \x1b[0m] Listening on \x1b[0;1;39mudev Control Socket\x1b[0m.\r\n'
2022-08-19 16:03:16,362 - network-test - INFO - stdout: '[   15.260929] systemd[1]: Listening on udev Kernel Socket.\r\n'
2022-08-19 16:03:16,363 - network-test - INFO - stdout: '[\x1b[0;32m  OK  \x1b[0m] Listening on \x1b[0;1;39mudev Kernel Socket\x1b[0m.\r\n'
2022-08-19 16:03:16,993 - network-test - INFO - stdout: '[   15.891542] systemd[1]: Mounting Huge Pages File System...\r\n'
2022-08-19 16:03:16,994 - network-test - INFO - stdout: '         Mounting \x1b[0;1;39mHuge Pages File System\x1b[0m...\r\n'
2022-08-19 16:03:17,017 - network-test - INFO - stdout: '[   15.915669] systemd[1]: Mounting POSIX Message Queue File System...\r\n'
2022-08-19 16:03:17,019 - network-test - INFO - stdout: '         Mounting \x1b[0;1;39mPOSIX Message Queue File System\x1b[0m...\r\n'
2022-08-19 16:03:17,049 - network-test - INFO - stdout: '[   15.947178] systemd[1]: Mounting Kernel Debug File System...\r\n'
2022-08-19 16:03:17,050 - network-test - INFO - stdout: '         Mounting \x1b[0;1;39mKernel Debug File System\x1b[0m...\r\n'
2022-08-19 16:03:17,064 - network-test - INFO - stdout: '[   15.962773] systemd[1]: Mounting Kernel Trace File System...\r\n'
2022-08-19 16:03:17,065 - network-test - INFO - stdout: '         Mounting \x1b[0;1;39mKernel Trace File System\x1b[0m...\r\n'
2022-08-19 16:03:17,110 - network-test - INFO - stdout: '[   16.008040] systemd[1]: Starting Journal Service...\r\n'
2022-08-19 16:03:17,110 - network-test - INFO - stdout: '         Starting \x1b[0;1;39mJournal Service\x1b[0m...\r\n'
2022-08-19 16:03:17,144 - network-test - INFO - stdout: '[   16.042789] systemd[1]: Starting Set the console keyboard layout...\r\n'
2022-08-19 16:03:17,145 - network-test - INFO - stdout: '         Starting \x1b[0;1;39mSet the console keyboard layout\x1b[0m...\r\n'
2022-08-19 16:03:17,197 - network-test - INFO - stdout: '[   16.095071] systemd[1]: Starting Create List of Static Device Nodes...\r\n'
2022-08-19 16:03:17,197 - network-test - INFO - stdout: '         Starting \x1b[0;1;39mCreate List of Static Device Nodes\x1b[0m...\r\n'
2022-08-19 16:03:17,242 - network-test - INFO - stdout: '[   16.139917] systemd[1]: Starting Monitoring of LVM2 mirrors, snapshots etc. using dmeventd or progress polling...\r\n'
2022-08-19 16:03:17,242 - network-test - INFO - stdout: '         Starting \x1b[0;1;39mMonitoring of LVMmeventd or progress polling\x1b[0m...\r\n'
2022-08-19 16:03:17,244 - network-test - INFO - stdout: '[   16.141689] systemd[1]: LXD - agent was skipped because of a failed condition check (ConditionPathExists=/dev/virtio-ports/org.linuxcontainers.lxd).\r\n'
2022-08-19 16:03:17,289 - network-test - INFO - stdout: '[   16.187078] systemd[1]: Starting Load Kernel Module chromeos_pstore...\r\n'
2022-08-19 16:03:17,289 - network-test - INFO - stdout: '         Starting \x1b[0;1;39mLoad Kernel Module chromeos_pstore\x1b[0m...\r\n'
2022-08-19 16:03:17,329 - network-test - INFO - stdout: '[   16.227036] systemd[1]: Starting Load Kernel Module configfs...\r\n'
2022-08-19 16:03:17,329 - network-test - INFO - stdout: '         Starting \x1b[0;1;39mLoad Kernel Module configfs\x1b[0m...\r\n'
2022-08-19 16:03:17,360 - network-test - INFO - stdout: '[   16.258084] systemd[1]: Starting Load Kernel Module drm...\r\n'
2022-08-19 16:03:17,360 - network-test - INFO - stdout: '         Starting \x1b[0;1;39mLoad Kernel Module drm\x1b[0m...\r\n'
2022-08-19 16:03:17,421 - network-test - INFO - stdout: '[   16.319386] systemd[1]: Starting Load Kernel Module efi_pstore...\r\n'
2022-08-19 16:03:17,422 - network-test - INFO - stdout: '         Starting \x1b[0;1;39mLoad Kernel Module efi_pstore\x1b[0m...\r\n'
2022-08-19 16:03:17,471 - network-test - INFO - stdout: '[   16.369589] systemd[1]: Starting Load Kernel Module fuse...\r\n'
2022-08-19 16:03:17,472 - network-test - INFO - stdout: '         Starting \x1b[0;1;39mLoad Kernel Module fuse\x1b[0m...\r\n'
2022-08-19 16:03:17,526 - network-test - INFO - stdout: '[   16.424289] random: lvm: uninitialized urandom read (4 bytes read)\r\n'
2022-08-19 16:03:17,529 - network-test - INFO - stdout: '[   16.427045] systemd[1]: Starting Load Kernel Module pstore_blk...\r\n'
2022-08-19 16:03:17,529 - network-test - INFO - stdout: '         Starting \x1b[0;1;39mLoad Kernel Module pstore_blk\x1b[0m...\r\n'
2022-08-19 16:03:17,585 - network-test - INFO - stdout: '[   16.483012] systemd[1]: Starting Load Kernel Module pstore_zone...\r\n'
2022-08-19 16:03:17,599 - network-test - INFO - stdout: '         Starting \x1b[0;1;39mLoad Kernel Module pstore_zone\x1b[0m...\r\n'
2022-08-19 16:03:17,657 - network-test - INFO - stdout: '[   16.555030] systemd[1]: Starting Load Kernel Module ramoops...\r\n'
2022-08-19 16:03:17,657 - network-test - INFO - stdout: '         Starting \x1b[0;1;39mLoad Kernel Module ramoops\x1b[0m...\r\n'
2022-08-19 16:03:17,684 - network-test - INFO - stdout: '[   16.582610] systemd[1]: OpenVSwitch configuration for cleanup was skipped because of a failed condition check (ConditionFileIsExecutable=/usr/bin/ovs-vsctl).\r\n'
2022-08-19 16:03:17,773 - network-test - INFO - stdout: '[   16.671160] systemd[1]: Starting File System Check on Root Device...\r\n'
2022-08-19 16:03:17,792 - network-test - INFO - stdout: '         Starting \x1b[0;1;39mFile System Check on Root Device\x1b[0m...\r\n'
2022-08-19 16:03:18,790 - network-test - INFO - stdout: '[   17.688517] systemd[1]: Starting Load Kernel Modules...\r\n'
2022-08-19 16:03:18,791 - network-test - INFO - stdout: '         Starting \x1b[0;1;39mLoad Kernel Modules\x1b[0m...\r\n'
2022-08-19 16:03:18,798 - network-test - INFO - stdout: '[   17.696509] systemd[1]: Repartition Root Disk was skipped because all trigger condition checks failed.\r\n'
2022-08-19 16:03:18,841 - network-test - INFO - stdout: '[   17.739649] systemd[1]: Starting Coldplug All udev Devices...\r\n'
2022-08-19 16:03:18,842 - network-test - INFO - stdout: '         Starting \x1b[0;1;39mColdplug All udev Devices\x1b[0m...\r\n'
2022-08-19 16:03:18,995 - network-test - INFO - stdout: '[   17.893410] systemd[1]: Started Journal Service.\r\n'
2022-08-19 16:03:19,017 - network-test - INFO - stdout: '[\x1b[0;32m  OK  \x1b[0m] Started \x1b[0;1;39mJournal Service\x1b[0m.\r\n'
2022-08-19 16:03:19,099 - network-test - INFO - stdout: '[\x1b[0;32m  OK  \x1b[0m] Mounted \x1b[0;1;39mHuge Pages File System\x1b[0m.\r\n'
2022-08-19 16:03:19,111 - network-test - INFO - stdout: '[\x1b[0;32m  OK  \x1b[0m] Mounted \x1b[0;1;39mPOSIX Message Queue File System\x1b[0m.\r\n'
2022-08-19 16:03:19,116 - network-test - INFO - stdout: '[\x1b[0;32m  OK  \x1b[0m] Mounted \x1b[0;1;39mKernel Debug File System\x1b[0m.\r\n'
2022-08-19 16:03:19,127 - network-test - INFO - stdout: '[\x1b[0;32m  OK  \x1b[0m] Mounted \x1b[0;1;39mKernel Trace File System\x1b[0m.\r\n'
2022-08-19 16:03:19,150 - network-test - INFO - stdout: '[\x1b[0;32m  OK  \x1b[0m] Finished \x1b[0;1;39mCreate List of Static Device Nodes\x1b[0m.\r\n'
2022-08-19 16:03:19,159 - network-test - INFO - stdout: '[\x1b[0;32m  OK  \x1b[0m] Finished \x1b[0;1;39mMonitoring of LVM dmeventd or progress polling\x1b[0m.\r\n'
2022-08-19 16:03:19,177 - network-test - INFO - stdout: '[\x1b[0;32m  OK  \x1b[0m] Finished \x1b[0;1;39mLoad Kernel Module chromeos_pstore\x1b[0m.\r\n'
2022-08-19 16:03:19,194 - network-test - INFO - stdout: '[\x1b[0;32m  OK  \x1b[0m] Finished \x1b[0;1;39mLoad Kernel Module configfs\x1b[0m.\r\n'
2022-08-19 16:03:19,210 - network-test - INFO - stdout: '[\x1b[0;32m  OK  \x1b[0m] Finished \x1b[0;1;39mLoad Kernel Module drm\x1b[0m.\r\n'
2022-08-19 16:03:19,237 - network-test - INFO - stdout: '[\x1b[0;32m  OK  \x1b[0m] Finished \x1b[0;1;39mLoad Kernel Module efi_pstore\x1b[0m.\r\n'
2022-08-19 16:03:19,265 - network-test - INFO - stdout: '[\x1b[0;32m  OK  \x1b[0m] Finished \x1b[0;1;39mLoad Kernel Module fuse\x1b[0m.\r\n'
2022-08-19 16:03:19,273 - network-test - INFO - stdout: '[\x1b[0;32m  OK  \x1b[0m] Finished \x1b[0;1;39mSet the console keyboard layout\x1b[0m.\r\n'
2022-08-19 16:03:19,289 - network-test - INFO - stdout: '[\x1b[0;32m  OK  \x1b[0m] Finished \x1b[0;1;39mLoad Kernel Module pstore_blk\x1b[0m.\r\n'
2022-08-19 16:03:19,304 - network-test - INFO - stdout: '[\x1b[0;32m  OK  \x1b[0m] Finished \x1b[0;1;39mLoad Kernel Module pstore_zone\x1b[0m.\r\n'
2022-08-19 16:03:19,320 - network-test - INFO - stdout: '[\x1b[0;32m  OK  \x1b[0m] Finished \x1b[0;1;39mLoad Kernel Module ramoops\x1b[0m.\r\n'
2022-08-19 16:03:19,327 - network-test - INFO - stdout: '[\x1b[0;32m  OK  \x1b[0m] Finished \x1b[0;1;39mFile System Check on Root Device\x1b[0m.\r\n'
2022-08-19 16:03:19,333 - network-test - INFO - stdout: '[\x1b[0;32m  OK  \x1b[0m] Finished \x1b[0;1;39mLoad Kernel Modules\x1b[0m.\r\n'
2022-08-19 16:03:19,365 - network-test - INFO - stdout: '         Mounting \x1b[0;1;39mFUSE Control File System\x1b[0m...\r\n'
2022-08-19 16:03:19,390 - network-test - INFO - stdout: '         Mounting \x1b[0;1;39mKernel Configuration File System\x1b[0m...\r\n'
2022-08-19 16:03:19,424 - network-test - INFO - stdout: '[\x1b[0;32m  OK  \x1b[0m] Started \x1b[0;1;39mFile System Check Daemon to report status\x1b[0m.\r\n'
2022-08-19 16:03:19,488 - network-test - INFO - stdout: '         Starting \x1b[0;1;39mRemount Root and Kernel File Systems\x1b[0m...\r\n'
2022-08-19 16:03:19,546 - network-test - INFO - stdout: '         Starting \x1b[0;1;39mApply Kernel Variables\x1b[0m...\r\n'
2022-08-19 16:03:19,640 - network-test - INFO - stdout: '[\x1b[0;32m  OK  \x1b[0m] Mounted \x1b[0;1;39mFUSE Control File System\x1b[0m.\r\n'
2022-08-19 16:03:19,646 - network-test - INFO - stdout: '[\x1b[0;32m  OK  \x1b[0m] Mounted \x1b[0;1;39mKernel Configuration File System\x1b[0m.\r\n'
2022-08-19 16:03:19,670 - network-test - INFO - stdout: '[\x1b[0;32m  OK  \x1b[0m] Finished \x1b[0;1;39mApply Kernel Variables\x1b[0m.\r\n'
2022-08-19 16:03:19,712 - network-test - INFO - stdout: '[\x1b[0;32m  OK  \x1b[0m] Finished \x1b[0;1;39mRemount Root and Kernel File Systems\x1b[0m.\r\n'
2022-08-19 16:03:19,726 - network-test - INFO - stdout: '         Starting \x1b[0;1;39mInitial cloud-init job (pre-networking)\x1b[0m...\r\n'
2022-08-19 16:03:19,753 - network-test - INFO - stdout: '         Starting \x1b[0;1;39mDevice-Mapper Multipath Device Controller\x1b[0m...\r\n'
2022-08-19 16:03:19,788 - network-test - INFO - stdout: '         Starting \x1b[0;1;39mFlush Journal to Persistent Storage\x1b[0m...\r\n'
2022-08-19 16:03:19,859 - network-test - INFO - stdout: '         Starting \x1b[0;1;39mLoad/Save Random Seed\x1b[0m...\r\n'
2022-08-19 16:03:19,915 - network-test - INFO - stdout: '         Starting \x1b[0;1;39mCreate System Users\x1b[0m...\r\n'
2022-08-19 16:03:20,190 - network-test - INFO - stdout: '[\x1b[0;32m  OK  \x1b[0m] Finished \x1b[0;1;39mLoad/Save Random Seed\x1b[0m.\r\n'
2022-08-19 16:03:20,226 - network-test - INFO - stdout: '[\x1b[0;32m  OK  \x1b[0m] Finished \x1b[0;1;39mCreate System Users\x1b[0m.\r\n'
2022-08-19 16:03:20,263 - network-test - INFO - stdout: '         Starting \x1b[0;1;39mCreate Static Device Nodes in /dev\x1b[0m...\r\n'
2022-08-19 16:03:20,453 - network-test - INFO - stdout: '[\x1b[0;32m  OK  \x1b[0m] Finished \x1b[0;1;39mFlush Journal to Persistent Storage\x1b[0m.\r\n'
2022-08-19 16:03:20,563 - network-test - INFO - stdout: '[\x1b[0;32m  OK  \x1b[0m] Finished \x1b[0;1;39mCreate Static Device Nodes in /dev\x1b[0m.\r\n'
2022-08-19 16:03:20,604 - network-test - INFO - stdout: '         Starting \x1b[0;1;39mRule-based Managefor Device Events and Files\x1b[0m...\r\n'
2022-08-19 16:03:20,748 - network-test - INFO - stdout: '[\x1b[0;32m  OK  \x1b[0m] Started \x1b[0;1;39mDevice-Mapper Multipath Device Controller\x1b[0m.\r\n'
2022-08-19 16:03:20,753 - network-test - INFO - stdout: '[\x1b[0;32m  OK  \x1b[0m] Reached target \x1b[0;1;39mPreparation for Local File Systems\x1b[0m.\r\n'
2022-08-19 16:03:20,768 - network-test - INFO - stdout: '         Mounting \x1b[0;1;39mMount unit for core20, revision 1333\x1b[0m...\r\n'
2022-08-19 16:03:20,794 - network-test - INFO - stdout: '         Mounting \x1b[0;1;39mMount unit for lxd, revision 23361\x1b[0m...\r\n'
2022-08-19 16:03:20,843 - network-test - INFO - stdout: '         Mounting \x1b[0;1;39mMount unit for snapd, revision 16032\x1b[0m...\r\n'
2022-08-19 16:03:21,322 - network-test - INFO - stdout: '[\x1b[0;32m  OK  \x1b[0m] Mounted \x1b[0;1;39mMount unit for core20, revision 1333\x1b[0m.\r\n'
2022-08-19 16:03:21,324 - network-test - INFO - stdout: '[\x1b[0;32m  OK  \x1b[0m] Mounted \x1b[0;1;39mMount unit for lxd, revision 23361\x1b[0m.\r\n'
2022-08-19 16:03:21,327 - network-test - INFO - stdout: '[\x1b[0;32m  OK  \x1b[0m] Mounted \x1b[0;1;39mMount unit for snapd, revision 16032\x1b[0m.\r\n'
2022-08-19 16:03:21,400 - network-test - INFO - stdout: '[\x1b[0;32m  OK  \x1b[0m] Started \x1b[0;1;39mRule-based Manager for Device Events and Files\x1b[0m.\r\n'
2022-08-19 16:03:21,678 - network-test - INFO - stdout: '[\x1b[0;32m  OK  \x1b[0m] Finished \x1b[0;1;39mColdplug All udev Devices\x1b[0m.\r\n'
2022-08-19 16:03:21,683 - network-test - INFO - stdout: '[\x1b[0;32m  OK  \x1b[0m] Started \x1b[0;1;39mDispatch Password ts to Console Directory Watch\x1b[0m.\r\n'
2022-08-19 16:03:21,687 - network-test - INFO - stdout: '[\x1b[0;32m  OK  \x1b[0m] Reached target \x1b[0;1;39mLocal Encrypted Volumes\x1b[0m.\r\n'
2022-08-19 16:03:24,843 - network-test - INFO - stdout: '[\x1b[0;32m  OK  \x1b[0m] Found device \x1b[0;1;39m/dev/ttyS0\x1b[0m.\r\n'
2022-08-19 16:03:25,363 - network-test - INFO - stdout: '[\x1b[0;32m  OK  \x1b[0m] Listening on \x1b[0;1;39mLoad/Save RF itch Status /dev/rfkill Watch\x1b[0m.\r\n'
2022-08-19 16:03:26,065 - network-test - INFO - stdout: '[\x1b[0;32m  OK  \x1b[0m] Found device \x1b[0;1;39m/dev/disk/by-label/UEFI\x1b[0m.\r\n'
2022-08-19 16:03:26,090 - network-test - INFO - stdout: '         Starting \x1b[0;1;39mFile System Check on /dev/disk/by-label/UEFI\x1b[0m...\r\n'
2022-08-19 16:03:27,522 - network-test - INFO - stdout: '[\x1b[0;32m  OK  \x1b[0m] Finished \x1b[0;1;39mFile System Check on /dev/disk/by-label/UEFI\x1b[0m.\r\n'
2022-08-19 16:03:27,562 - network-test - INFO - stdout: '         Mounting \x1b[0;1;39m/boot/efi\x1b[0m...\r\n'
2022-08-19 16:03:27,741 - network-test - INFO - stdout: '[\x1b[0;32m  OK  \x1b[0m] Mounted \x1b[0;1;39m/boot/efi\x1b[0m.\r\n'
2022-08-19 16:03:27,745 - network-test - INFO - stdout: '[\x1b[0;32m  OK  \x1b[0m] Reached target \x1b[0;1;39mLocal File Systems\x1b[0m.\r\n'
2022-08-19 16:03:27,759 - network-test - INFO - stdout: '         Starting \x1b[0;1;39mLoad AppArmor profiles\x1b[0m...\r\n'
2022-08-19 16:03:27,788 - network-test - INFO - stdout: '         Starting \x1b[0;1;39mSet console font and keymap\x1b[0m...\r\n'
2022-08-19 16:03:27,816 - network-test - INFO - stdout: '         Starting \x1b[0;1;39mCreate final runtdir for shutdown pivot root\x1b[0m...\r\n'
2022-08-19 16:03:27,868 - network-test - INFO - stdout: '         Starting \x1b[0;1;39mTell Plymouth To Write Out Runtime Data\x1b[0m...\r\n'
2022-08-19 16:03:27,904 - network-test - INFO - stdout: '         Starting \x1b[0;1;39mCommit a transient machine-id on disk\x1b[0m...\r\n'
2022-08-19 16:03:27,960 - network-test - INFO - stdout: '         Starting \x1b[0;1;39mCreate Volatile Files and Directories\x1b[0m...\r\n'
2022-08-19 16:03:28,005 - network-test - INFO - stdout: '         Starting \x1b[0;1;39mUncomplicated firewall\x1b[0m...\r\n'
2022-08-19 16:03:28,073 - network-test - INFO - stdout: '[\x1b[0;32m  OK  \x1b[0m] Finished \x1b[0;1;39mSet console font and keymap\x1b[0m.\r\n'
2022-08-19 16:03:28,084 - network-test - INFO - stdout: '[\x1b[0;32m  OK  \x1b[0m] Finished \x1b[0;1;39mCreate final runte dir for shutdown pivot root\x1b[0m.\r\n'
2022-08-19 16:03:28,102 - network-test - INFO - stdout: '[\x1b[0;32m  OK  \x1b[0m] Finished \x1b[0;1;39mTell Plymouth To Write Out Runtime Data\x1b[0m.\r\n'
2022-08-19 16:03:28,116 - network-test - INFO - stdout: '[\x1b[0;32m  OK  \x1b[0m] Finished \x1b[0;1;39mUncomplicated firewall\x1b[0m.\r\n'
2022-08-19 16:03:28,194 - network-test - INFO - stdout: '[\x1b[0;32m  OK  \x1b[0m] Finished \x1b[0;1;39mCommit a transient machine-id on disk\x1b[0m.\r\n'
2022-08-19 16:03:28,426 - network-test - INFO - stdout: '[\x1b[0;32m  OK  \x1b[0m] Finished \x1b[0;1;39mCreate Volatile Files and Directories\x1b[0m.\r\n'
2022-08-19 16:03:28,483 - network-test - INFO - stdout: '         Starting \x1b[0;1;39mNetwork Name Resolution\x1b[0m...\r\n'
2022-08-19 16:03:28,523 - network-test - INFO - stdout: '         Starting \x1b[0;1;39mNetwork Time Synchronization\x1b[0m...\r\n'
2022-08-19 16:03:28,576 - network-test - INFO - stdout: '         Starting \x1b[0;1;39mRecord System Boot/Shutdown in UTMP\x1b[0m...\r\n'
2022-08-19 16:03:28,816 - network-test - INFO - stdout: '[\x1b[0;32m  OK  \x1b[0m] Finished \x1b[0;1;39mRecord System Boot/Shutdown in UTMP\x1b[0m.\r\n'
2022-08-19 16:03:29,092 - network-test - INFO - stdout: "[   27.980466] cloud-init[459]: Cloud-init v. 22.2-139-gb64ba456-0ubuntu1~22.10.1 running 'init-local' at Fri, 19 Aug 2022 14:03:28 +0000. Up 27.08 seconds.\r\n"
2022-08-19 16:03:29,525 - network-test - INFO - stdout: '[\x1b[0;32m  OK  \x1b[0m] Started \x1b[0;1;39mNetwork Time Synchronization\x1b[0m.\r\n'
2022-08-19 16:03:29,526 - network-test - INFO - stdout: '[\x1b[0;32m  OK  \x1b[0m] Reached target \x1b[0;1;39mSystem Time Set\x1b[0m.\r\n'
2022-08-19 16:03:29,711 - network-test - INFO - stdout: '[\x1b[0;32m  OK  \x1b[0m] Started \x1b[0;1;39mNetwork Name Resolution\x1b[0m.\r\n'
2022-08-19 16:03:29,713 - network-test - INFO - stdout: '[\x1b[0;32m  OK  \x1b[0m] Reached target \x1b[0;1;39mHost and Network Name Lookups\x1b[0m.\r\n'
2022-08-19 16:03:34,195 - network-test - INFO - stdout: '[\x1b[0;32m  OK  \x1b[0m] Finished \x1b[0;1;39mInitial cloud-init job (pre-networking)\x1b[0m.\r\n'
2022-08-19 16:03:34,208 - network-test - INFO - stdout: '[\x1b[0;32m  OK  \x1b[0m] Reached target \x1b[0;1;39mPreparation for Network\x1b[0m.\r\n'
2022-08-19 16:03:34,229 - network-test - INFO - stdout: '         Starting \x1b[0;1;39mNetwork Configuration\x1b[0m...\r\n'
2022-08-19 16:03:34,720 - network-test - INFO - stdout: '[\x1b[0;32m  OK  \x1b[0m] Started \x1b[0;1;39mNetwork Configuration\x1b[0m.\r\n'
2022-08-19 16:03:34,722 - network-test - INFO - stdout: '[\x1b[0;32m  OK  \x1b[0m] Reached target \x1b[0;1;39mNetwork\x1b[0m.\r\n'
2022-08-19 16:03:34,749 - network-test - INFO - stdout: '         Starting \x1b[0;1;39mWait for Network to be Configured\x1b[0m...\r\n'
2022-08-19 16:03:35,813 - network-test - INFO - stdout: '[\x1b[0;32m  OK  \x1b[0m] Finished \x1b[0;1;39mLoad AppArmor profiles\x1b[0m.\r\n'
2022-08-19 16:03:35,826 - network-test - INFO - stdout: '         Starting \x1b[0;1;39mLoad AppArmor promanaged internally by snapd\x1b[0m...\r\n'
2022-08-19 16:03:36,829 - network-test - INFO - stdout: '[\x1b[0;32m  OK  \x1b[0m] Finished \x1b[0;1;39mWait for Network to be Configured\x1b[0m.\r\n'
2022-08-19 16:03:36,849 - network-test - INFO - stdout: '         Starting \x1b[0;1;39mInitial cloud-ini (metadata service crawler)\x1b[0m...\r\n'
2022-08-19 16:03:41,120 - network-test - INFO - stdout: "[   40.008232] cloud-init[509]: Cloud-init v. 22.2-139-gb64ba456-0ubuntu1~22.10.1 running 'init' at Fri, 19 Aug 2022 14:03:40 +0000. Up 39.64 seconds.\r\n"
2022-08-19 16:03:41,307 - network-test - INFO - stdout: '[   40.195028] cloud-init[509]: ci-info: ++++++++++++++++++++++++++++++++++++++Net device info++++++++++++++++++++++++++++++++++++++\r\n'
2022-08-19 16:03:41,309 - network-test - INFO - stdout: '[   40.196307] cloud-init[509]: ci-info: +--------+------+----------------------------+---------------+--------+-------------------+\r\n'
2022-08-19 16:03:41,310 - network-test - INFO - stdout: '[   40.197498] cloud-init[509]: ci-info: | Device |  Up  |          Address           |      Mask     | Scope  |     Hw-Address    |\r\n'
2022-08-19 16:03:41,311 - network-test - INFO - stdout: '[   40.198603] cloud-init[509]: ci-info: +--------+------+----------------------------+---------------+--------+-------------------+\r\n'
2022-08-19 16:03:41,312 - network-test - INFO - stdout: '[   40.199641] cloud-init[509]: ci-info: | enp0s1 | True |         10.0.2.15          | 255.255.255.0 | global | 52:54:00:12:34:56 |\r\n'
2022-08-19 16:03:41,313 - network-test - INFO - stdout: '[   40.200918] cloud-init[509]: ci-info: | enp0s1 | True | fec0::5054:ff:fe12:3456/64 |       .       |  site  | 52:54:00:12:34:56 |\r\n'
2022-08-19 16:03:41,321 - network-test - INFO - stdout: '[   40.208734] cloud-init[509]: ci-info: | enp0s1 | True | fe80::5054:ff:fe12:3456/64 |       .       |  link  | 52:54:00:12:34:56 |\r\n'
2022-08-19 16:03:41,322 - network-test - INFO - stdout: '[   40.209886] cloud-init[509]: ci-info: |   lo   | True |         127.0.0.1          |   255.0.0.0   |  host  |         .         |\r\n'
2022-08-19 16:03:41,323 - network-test - INFO - stdout: '[   40.210976] cloud-init[509]: ci-info: |   lo   | True |          ::1/128           |       .       |  host  |         .         |\r\n'
2022-08-19 16:03:41,325 - network-test - INFO - stdout: '[   40.212268] cloud-init[509]: ci-info: +--------+------+----------------------------+---------------+--------+-------------------+\r\n'
2022-08-19 16:03:41,326 - network-test - INFO - stdout: '[   40.213332] cloud-init[509]: ci-info: ++++++++++++++++++++++++++++Route IPv4 info+++++++++++++++++++++++++++++\r\n'
2022-08-19 16:03:41,327 - network-test - INFO - stdout: '[   40.214355] cloud-init[509]: ci-info: +-------+-------------+----------+-----------------+-----------+-------+\r\n'
2022-08-19 16:03:41,328 - network-test - INFO - stdout: '[   40.215574] cloud-init[509]: ci-info: | Route | Destination | Gateway  |     Genmask     | Interface | Flags |\r\n'
2022-08-19 16:03:41,329 - network-test - INFO - stdout: '[   40.216813] cloud-init[509]: ci-info: +-------+-------------+----------+-----------------+-----------+-------+\r\n'
2022-08-19 16:03:41,330 - network-test - INFO - stdout: '[   40.217868] cloud-init[509]: ci-info: |   0   |   0.0.0.0   | 10.0.2.2 |     0.0.0.0     |   enp0s1  |   UG  |\r\n'
2022-08-19 16:03:41,333 - network-test - INFO - stdout: '[   40.220756] cloud-init[509]: ci-info: |   1   |   10.0.2.0  | 0.0.0.0  |  255.255.255.0  |   enp0s1  |   U   |\r\n'
2022-08-19 16:03:41,334 - network-test - INFO - stdout: '[   40.221898] cloud-init[509]: ci-info: |   2   |   10.0.2.2  | 0.0.0.0  | 255.255.255.255 |   enp0s1  |   UH  |\r\n'
2022-08-19 16:03:41,335 - network-test - INFO - stdout: '[   40.223078] cloud-init[509]: ci-info: |   3   |   10.0.2.3  | 0.0.0.0  | 255.255.255.255 |   enp0s1  |   UH  |\r\n'
2022-08-19 16:03:41,341 - network-test - INFO - stdout: '[   40.228801] cloud-init[509]: ci-info: +-------+-------------+----------+-----------------+-----------+-------+\r\n'
2022-08-19 16:03:41,342 - network-test - INFO - stdout: '[   40.229865] cloud-init[509]: ci-info: +++++++++++++++++++Route IPv6 info+++++++++++++++++++\r\n'
2022-08-19 16:03:41,343 - network-test - INFO - stdout: '[   40.230882] cloud-init[509]: ci-info: +-------+-------------+---------+-----------+-------+\r\n'
2022-08-19 16:03:41,344 - network-test - INFO - stdout: '[   40.231908] cloud-init[509]: ci-info: | Route | Destination | Gateway | Interface | Flags |\r\n'
2022-08-19 16:03:41,346 - network-test - INFO - stdout: '[   40.233177] cloud-init[509]: ci-info: +-------+-------------+---------+-----------+-------+\r\n'
2022-08-19 16:03:41,347 - network-test - INFO - stdout: '[   40.234410] cloud-init[509]: ci-info: |   1   |  fe80::/64  |    ::   |   enp0s1  |   U   |\r\n'
2022-08-19 16:03:41,348 - network-test - INFO - stdout: '[   40.235466] cloud-init[509]: ci-info: |   2   |  fec0::/64  |    ::   |   enp0s1  |   Ue  |\r\n'
2022-08-19 16:03:41,349 - network-test - INFO - stdout: '[   40.236730] cloud-init[509]: ci-info: |   3   |     ::/0    | fe80::2 |   enp0s1  |  UGe  |\r\n'
2022-08-19 16:03:41,350 - network-test - INFO - stdout: '[   40.237822] cloud-init[509]: ci-info: |   5   |    local    |    ::   |   enp0s1  |   U   |\r\n'
2022-08-19 16:03:41,357 - network-test - INFO - stdout: '[   40.244782] cloud-init[509]: ci-info: |   6   |    local    |    ::   |   enp0s1  |   U   |\r\n'
2022-08-19 16:03:41,358 - network-test - INFO - stdout: '[   40.245869] cloud-init[509]: ci-info: |   7   |  multicast  |    ::   |   enp0s1  |   U   |\r\n'
2022-08-19 16:03:41,359 - network-test - INFO - stdout: '[   40.246894] cloud-init[509]: ci-info: +-------+-------------+---------+-----------+-------+\r\n'
2022-08-19 16:03:51,923 - network-test - INFO - stdout: '[\x1b[0;32m  OK  \x1b[0m] Finished \x1b[0;1;39mLoad AppArmor pros managed internally by snapd\x1b[0m.\r\n'
2022-08-19 16:03:59,745 - network-test - INFO - stdout: '[   58.610163] cloud-init[509]: Generating public/private rsa key pair.\r\n'
2022-08-19 16:03:59,746 - network-test - INFO - stdout: '[   58.612283] cloud-init[509]: Your identification has been saved in /etc/ssh/ssh_host_rsa_key\r\n'
2022-08-19 16:03:59,751 - network-test - INFO - stdout: '[   58.616856] cloud-init[509]: Your public key has been saved in /etc/ssh/ssh_host_rsa_key.pub\r\n'
2022-08-19 16:03:59,752 - network-test - INFO - stdout: '[   58.617888] cloud-init[509]: The key fingerprint is:\r\n'
2022-08-19 16:03:59,753 - network-test - INFO - stdout: '[   58.618780] cloud-init[509]: SHA256:cmDbkMu5Jsspm5HkoBo8z6LZcSMMNMwTYsJLJKb9Tlo root@virtriscv64\r\n'
2022-08-19 16:03:59,754 - network-test - INFO - stdout: "[   58.619794] cloud-init[509]: The key's randomart image is:\r\n"
2022-08-19 16:03:59,759 - network-test - INFO - stdout: '[   58.624885] cloud-init[509]: +---[RSA 3072]----+\r\n'
2022-08-19 16:03:59,760 - network-test - INFO - stdout: '[   58.625853] cloud-init[509]: |*=               |\r\n'
2022-08-19 16:03:59,761 - network-test - INFO - stdout: '[   58.626833] cloud-init[509]: |X+.    .         |\r\n'
2022-08-19 16:03:59,763 - network-test - INFO - stdout: '[   58.629003] cloud-init[509]: |o*o   =          |\r\n'
2022-08-19 16:03:59,764 - network-test - INFO - stdout: '[   58.630192] cloud-init[509]: |..o. o B         |\r\n'
2022-08-19 16:03:59,765 - network-test - INFO - stdout: '[   58.631388] cloud-init[509]: |o . E * S        |\r\n'
2022-08-19 16:03:59,767 - network-test - INFO - stdout: '[   58.632692] cloud-init[509]: |o* *   +         |\r\n'
2022-08-19 16:03:59,768 - network-test - INFO - stdout: '[   58.633954] cloud-init[509]: |ooO = o          |\r\n'
2022-08-19 16:03:59,769 - network-test - INFO - stdout: '[   58.635251] cloud-init[509]: |.==B *           |\r\n'
2022-08-19 16:03:59,771 - network-test - INFO - stdout: '[   58.636672] cloud-init[509]: |= ==+            |\r\n'
2022-08-19 16:03:59,772 - network-test - INFO - stdout: '[   58.637921] cloud-init[509]: +----[SHA256]-----+\r\n'
2022-08-19 16:03:59,773 - network-test - INFO - stdout: '[   58.639161] cloud-init[509]: Generating public/private dsa key pair.\r\n'
2022-08-19 16:03:59,775 - network-test - INFO - stdout: '[   58.640550] cloud-init[509]: Your identification has been saved in /etc/ssh/ssh_host_dsa_key\r\n'
2022-08-19 16:03:59,776 - network-test - INFO - stdout: '[   58.641849] cloud-init[509]: Your public key has been saved in /etc/ssh/ssh_host_dsa_key.pub\r\n'
2022-08-19 16:03:59,777 - network-test - INFO - stdout: '[   58.643221] cloud-init[509]: The key fingerprint is:\r\n'
2022-08-19 16:03:59,778 - network-test - INFO - stdout: '[   58.644457] cloud-init[509]: SHA256:zMFjDKonJOTO7qhdJqRtLoiE8zh4kS/F7YcO76SeoWc root@virtriscv64\r\n'
2022-08-19 16:03:59,780 - network-test - INFO - stdout: "[   58.645793] cloud-init[509]: The key's randomart image is:\r\n"
2022-08-19 16:03:59,781 - network-test - INFO - stdout: '[   58.646940] cloud-init[509]: +---[DSA 1024]----+\r\n'
2022-08-19 16:03:59,782 - network-test - INFO - stdout: '[   58.648324] cloud-init[509]: | .    .          |\r\n'
2022-08-19 16:03:59,783 - network-test - INFO - stdout: '[   58.649491] cloud-init[509]: |o    . +         |\r\n'
2022-08-19 16:03:59,785 - network-test - INFO - stdout: '[   58.650945] cloud-init[509]: |... .   *        |\r\n'
2022-08-19 16:03:59,786 - network-test - INFO - stdout: '[   58.652348] cloud-init[509]: |oo .   + o       |\r\n'
2022-08-19 16:03:59,788 - network-test - INFO - stdout: '[   58.653787] cloud-init[509]: |.o+o..  S        |\r\n'
2022-08-19 16:03:59,789 - network-test - INFO - stdout: '[   58.655026] cloud-init[509]: |+=ooo .          |\r\n'
2022-08-19 16:03:59,790 - network-test - INFO - stdout: '[   58.656364] cloud-init[509]: |*=++=...         |\r\n'
2022-08-19 16:03:59,791 - network-test - INFO - stdout: '[   58.657402] cloud-init[509]: |X++=EBo .        |\r\n'
2022-08-19 16:03:59,792 - network-test - INFO - stdout: '[   58.658407] cloud-init[509]: |+=+=+o+.         |\r\n'
2022-08-19 16:03:59,793 - network-test - INFO - stdout: '[   58.659407] cloud-init[509]: +----[SHA256]-----+\r\n'
2022-08-19 16:03:59,795 - network-test - INFO - stdout: '[   58.660886] cloud-init[509]: Generating public/private ecdsa key pair.\r\n'
2022-08-19 16:03:59,796 - network-test - INFO - stdout: '[   58.661901] cloud-init[509]: Your identification has been saved in /etc/ssh/ssh_host_ecdsa_key\r\n'
2022-08-19 16:03:59,797 - network-test - INFO - stdout: '[   58.662861] cloud-init[509]: Your public key has been saved in /etc/ssh/ssh_host_ecdsa_key.pub\r\n'
2022-08-19 16:03:59,798 - network-test - INFO - stdout: '[   58.663993] cloud-init[509]: The key fingerprint is:\r\n'
2022-08-19 16:03:59,799 - network-test - INFO - stdout: '[   58.665033] cloud-init[509]: SHA256:zzRlQBnQRtRetFk2vMvo7q8rKpE+9uzhyl30kCKjUpQ root@virtriscv64\r\n'
2022-08-19 16:03:59,800 - network-test - INFO - stdout: "[   58.666102] cloud-init[509]: The key's randomart image is:\r\n"
2022-08-19 16:03:59,801 - network-test - INFO - stdout: '[   58.667028] cloud-init[509]: +---[ECDSA 256]---+\r\n'
2022-08-19 16:03:59,802 - network-test - INFO - stdout: '[   58.668177] cloud-init[509]: |        .**+ .o.o|\r\n'
2022-08-19 16:03:59,803 - network-test - INFO - stdout: '[   58.669206] cloud-init[509]: |      .   +.. .*.|\r\n'
2022-08-19 16:03:59,804 - network-test - INFO - stdout: '[   58.670187] cloud-init[509]: |     E   . .o.o .|\r\n'
2022-08-19 16:03:59,805 - network-test - INFO - stdout: '[   58.671173] cloud-init[509]: |    .      oo  . |\r\n'
2022-08-19 16:03:59,806 - network-test - INFO - stdout: '[   58.672278] cloud-init[509]: |     . oS.o+  o .|\r\n'
2022-08-19 16:03:59,807 - network-test - INFO - stdout: '[   58.673300] cloud-init[509]: |    . .oo+o.o. o |\r\n'
2022-08-19 16:03:59,808 - network-test - INFO - stdout: '[   58.674282] cloud-init[509]: |   . .. ..o...   |\r\n'
2022-08-19 16:03:59,809 - network-test - INFO - stdout: '[   58.675287] cloud-init[509]: |    . .=+ o. .   |\r\n'
2022-08-19 16:03:59,810 - network-test - INFO - stdout: '[   58.676478] cloud-init[509]: |      .o*B. +=+. |\r\n'
2022-08-19 16:03:59,811 - network-test - INFO - stdout: '[   58.677429] cloud-init[509]: +----[SHA256]-----+\r\n'
2022-08-19 16:03:59,812 - network-test - INFO - stdout: '[   58.678344] cloud-init[509]: Generating public/private ed25519 key pair.\r\n'
2022-08-19 16:03:59,813 - network-test - INFO - stdout: '[   58.679295] cloud-init[509]: Your identification has been saved in /etc/ssh/ssh_host_ed25519_key\r\n'
2022-08-19 16:03:59,814 - network-test - INFO - stdout: '[   58.680501] cloud-init[509]: Your public key has been saved in /etc/ssh/ssh_host_ed25519_key.pub\r\n'
2022-08-19 16:03:59,815 - network-test - INFO - stdout: '[   58.681479] cloud-init[509]: The key fingerprint is:\r\n'
2022-08-19 16:03:59,816 - network-test - INFO - stdout: '[   58.682406] cloud-init[509]: SHA256:LQ4eRcik87dkSjSQ2Izq+k2KbXkxEADMkELNvzGwHxo root@virtriscv64\r\n'
2022-08-19 16:03:59,817 - network-test - INFO - stdout: "[   58.683461] cloud-init[509]: The key's randomart image is:\r\n"
2022-08-19 16:03:59,818 - network-test - INFO - stdout: '[   58.684496] cloud-init[509]: +--[ED25519 256]--+\r\n'
2022-08-19 16:03:59,819 - network-test - INFO - stdout: '[   58.685542] cloud-init[509]: |X+o=.+...        |\r\n'
2022-08-19 16:03:59,820 - network-test - INFO - stdout: '[   58.686468] cloud-init[509]: |oo+++oo.         |\r\n'
2022-08-19 16:03:59,821 - network-test - INFO - stdout: '[   58.687466] cloud-init[509]: |.. .* o .        |\r\n'
2022-08-19 16:03:59,823 - network-test - INFO - stdout: '[   58.688730] cloud-init[509]: |. .E O o .       |\r\n'
2022-08-19 16:03:59,824 - network-test - INFO - stdout: '[   58.689721] cloud-init[509]: |.  .+ X S .      |\r\n'
2022-08-19 16:03:59,825 - network-test - INFO - stdout: '[   58.690707] cloud-init[509]: | . .o= O o       |\r\n'
2022-08-19 16:03:59,826 - network-test - INFO - stdout: '[   58.692239] cloud-init[509]: |.  ..oo o        |\r\n'
2022-08-19 16:03:59,827 - network-test - INFO - stdout: '[   58.693191] cloud-init[509]: |.oo+.            |\r\n'
2022-08-19 16:03:59,828 - network-test - INFO - stdout: '[   58.694562] cloud-init[509]: |.o+..            |\r\n'
2022-08-19 16:03:59,830 - network-test - INFO - stdout: '[   58.695965] cloud-init[509]: +----[SHA256]-----+\r\n'
2022-08-19 16:04:00,053 - network-test - INFO - stdout: '[\x1b[0;32m  OK  \x1b[0m] Finished \x1b[0;1;39mInitial cloud-iniob (metadata service crawler)\x1b[0m.\r\n'
2022-08-19 16:04:00,058 - network-test - INFO - stdout: '[\x1b[0;32m  OK  \x1b[0m] Reached target \x1b[0;1;39mCloud-config availability\x1b[0m.\r\n'
2022-08-19 16:04:00,059 - network-test - INFO - stdout: '[\x1b[0;32m  OK  \x1b[0m] Reached target \x1b[0;1;39mNetwork is Online\x1b[0m.\r\n'
2022-08-19 16:04:00,061 - network-test - INFO - stdout: '[\x1b[0;32m  OK  \x1b[0m] Reached target \x1b[0;1;39mSystem Initialization\x1b[0m.\r\n'
2022-08-19 16:04:00,071 - network-test - INFO - stdout: '[\x1b[0;32m  OK  \x1b[0m] Started \x1b[0;1;39mDaily apt download activities\x1b[0m.\r\n'
2022-08-19 16:04:00,075 - network-test - INFO - stdout: '[\x1b[0;32m  OK  \x1b[0m] Started \x1b[0;1;39mDaily apt upgrade and clean activities\x1b[0m.\r\n'
2022-08-19 16:04:00,077 - network-test - INFO - stdout: '[\x1b[0;32m  OK  \x1b[0m] Started \x1b[0;1;39mDaily dpkg database backup timer\x1b[0m.\r\n'
2022-08-19 16:04:00,081 - network-test - INFO - stdout: '[\x1b[0;32m  OK  \x1b[0m] Started \x1b[0;1;39mPeriodic ext4 Onliata Check for All Filesystems\x1b[0m.\r\n'
2022-08-19 16:04:00,085 - network-test - INFO - stdout: '[\x1b[0;32m  OK  \x1b[0m] Started \x1b[0;1;39mDiscard unused blocks once a week\x1b[0m.\r\n'
2022-08-19 16:04:00,088 - network-test - INFO - stdout: '[\x1b[0;32m  OK  \x1b[0m] Started \x1b[0;1;39mDaily rotation of log files\x1b[0m.\r\n'
2022-08-19 16:04:00,090 - network-test - INFO - stdout: '[\x1b[0;32m  OK  \x1b[0m] Started \x1b[0;1;39mDaily man-db regeneration\x1b[0m.\r\n'
2022-08-19 16:04:00,092 - network-test - INFO - stdout: '[\x1b[0;32m  OK  \x1b[0m] Started \x1b[0;1;39mMessage of the Day\x1b[0m.\r\n'
2022-08-19 16:04:00,094 - network-test - INFO - stdout: '[\x1b[0;32m  OK  \x1b[0m] Started \x1b[0;1;39mDaily Cleanup of Temporary Directories\x1b[0m.\r\n'
2022-08-19 16:04:00,095 - network-test - INFO - stdout: '[\x1b[0;32m  OK  \x1b[0m] Started \x1b[0;1;39mUbuntu Advantage Timer for running repeated jobs\x1b[0m.\r\n'
2022-08-19 16:04:00,096 - network-test - INFO - stdout: '[\x1b[0;32m  OK  \x1b[0m] Started \x1b[0;1;39mDownload data for ailed at package install time\x1b[0m.\r\n'
2022-08-19 16:04:00,099 - network-test - INFO - stdout: '[\x1b[0;32m  OK  \x1b[0m] Started \x1b[0;1;39mCheck to see whethw version of Ubuntu available\x1b[0m.\r\n'
2022-08-19 16:04:00,100 - network-test - INFO - stdout: '[\x1b[0;32m  OK  \x1b[0m] Reached target \x1b[0;1;39mPath Units\x1b[0m.\r\n'
2022-08-19 16:04:00,101 - network-test - INFO - stdout: '[\x1b[0;32m  OK  \x1b[0m] Reached target \x1b[0;1;39mTimer Units\x1b[0m.\r\n'
2022-08-19 16:04:00,104 - network-test - INFO - stdout: '[\x1b[0;32m  OK  \x1b[0m] Listening on \x1b[0;1;39mcloud-init hotplug hook socket\x1b[0m.\r\n'
2022-08-19 16:04:00,112 - network-test - INFO - stdout: '[\x1b[0;32m  OK  \x1b[0m] Listening on \x1b[0;1;39mD-Bus System Message Bus Socket\x1b[0m.\r\n'
2022-08-19 16:04:00,115 - network-test - INFO - stdout: '[\x1b[0;32m  OK  \x1b[0m] Listening on \x1b[0;1;39mOpen-iSCSI iscsid Socket\x1b[0m.\r\n'
2022-08-19 16:04:00,136 - network-test - INFO - stdout: '         Starting \x1b[0;1;39mSocket activation for snappy daemon\x1b[0m...\r\n'
2022-08-19 16:04:00,140 - network-test - INFO - stdout: '[\x1b[0;32m  OK  \x1b[0m] Listening on \x1b[0;1;39mUUID daemon activation socket\x1b[0m.\r\n'
2022-08-19 16:04:00,144 - network-test - INFO - stdout: '[\x1b[0;32m  OK  \x1b[0m] Reached target \x1b[0;1;39mPreparation for Remote File Systems\x1b[0m.\r\n'
2022-08-19 16:04:00,148 - network-test - INFO - stdout: '[\x1b[0;32m  OK  \x1b[0m] Reached target \x1b[0;1;39mRemote File Systems\x1b[0m.\r\n'
2022-08-19 16:04:00,152 - network-test - INFO - stdout: '[\x1b[0;32m  OK  \x1b[0m] Finished \x1b[0;1;39mAvailability of block devices\x1b[0m.\r\n'
2022-08-19 16:04:00,158 - network-test - INFO - stdout: '[\x1b[0;32m  OK  \x1b[0m] Listening on \x1b[0;1;39mSocket activation for snappy daemon\x1b[0m.\r\n'
2022-08-19 16:04:00,162 - network-test - INFO - stdout: '[\x1b[0;32m  OK  \x1b[0m] Reached target \x1b[0;1;39mSocket Units\x1b[0m.\r\n'
